Archive member included to satisfy reference by file (symbol)

C:/ST/STM32CubeIDE_1.19.0/STM32CubeIDE/plugins/com.st.stm32cube.ide.mcu.externaltools.gnu-tools-for-stm32.13.3.rel1.win32_1.0.0.202411081344/tools/bin/../lib/gcc/arm-none-eabi/13.3.1/../../../../arm-none-eabi/lib/thumb/v7e-m+fp/hard\libc_nano.a(libc_a-exit.o)
                              C:/ST/STM32CubeIDE_1.19.0/STM32CubeIDE/plugins/com.st.stm32cube.ide.mcu.externaltools.gnu-tools-for-stm32.13.3.rel1.win32_1.0.0.202411081344/tools/bin/../lib/gcc/arm-none-eabi/13.3.1/../../../../arm-none-eabi/lib/thumb/v7e-m+fp/hard/crt0.o (exit)
C:/ST/STM32CubeIDE_1.19.0/STM32CubeIDE/plugins/com.st.stm32cube.ide.mcu.externaltools.gnu-tools-for-stm32.13.3.rel1.win32_1.0.0.202411081344/tools/bin/../lib/gcc/arm-none-eabi/13.3.1/../../../../arm-none-eabi/lib/thumb/v7e-m+fp/hard\libc_nano.a(libc_a-nano-vfprintf_float.o)
                              (_printf_float)
C:/ST/STM32CubeIDE_1.19.0/STM32CubeIDE/plugins/com.st.stm32cube.ide.mcu.externaltools.gnu-tools-for-stm32.13.3.rel1.win32_1.0.0.202411081344/tools/bin/../lib/gcc/arm-none-eabi/13.3.1/../../../../arm-none-eabi/lib/thumb/v7e-m+fp/hard\libc_nano.a(libc_a-nano-vfprintf_i.o)
                              C:/ST/STM32CubeIDE_1.19.0/STM32CubeIDE/plugins/com.st.stm32cube.ide.mcu.externaltools.gnu-tools-for-stm32.13.3.rel1.win32_1.0.0.202411081344/tools/bin/../lib/gcc/arm-none-eabi/13.3.1/../../../../arm-none-eabi/lib/thumb/v7e-m+fp/hard\libc_nano.a(libc_a-nano-vfprintf_float.o) (_printf_common)
C:/ST/STM32CubeIDE_1.19.0/STM32CubeIDE/plugins/com.st.stm32cube.ide.mcu.externaltools.gnu-tools-for-stm32.13.3.rel1.win32_1.0.0.202411081344/tools/bin/../lib/gcc/arm-none-eabi/13.3.1/../../../../arm-none-eabi/lib/thumb/v7e-m+fp/hard\libc_nano.a(libc_a-nano-vfscanf_float.o)
                              (_scanf_float)
C:/ST/STM32CubeIDE_1.19.0/STM32CubeIDE/plugins/com.st.stm32cube.ide.mcu.externaltools.gnu-tools-for-stm32.13.3.rel1.win32_1.0.0.202411081344/tools/bin/../lib/gcc/arm-none-eabi/13.3.1/../../../../arm-none-eabi/lib/thumb/v7e-m+fp/hard\libc_nano.a(libc_a-findfp.o)
                              C:/ST/STM32CubeIDE_1.19.0/STM32CubeIDE/plugins/com.st.stm32cube.ide.mcu.externaltools.gnu-tools-for-stm32.13.3.rel1.win32_1.0.0.202411081344/tools/bin/../lib/gcc/arm-none-eabi/13.3.1/../../../../arm-none-eabi/lib/thumb/v7e-m+fp/hard\libc_nano.a(libc_a-exit.o) (__stdio_exit_handler)
C:/ST/STM32CubeIDE_1.19.0/STM32CubeIDE/plugins/com.st.stm32cube.ide.mcu.externaltools.gnu-tools-for-stm32.13.3.rel1.win32_1.0.0.202411081344/tools/bin/../lib/gcc/arm-none-eabi/13.3.1/../../../../arm-none-eabi/lib/thumb/v7e-m+fp/hard\libc_nano.a(libc_a-fwalk.o)
                              C:/ST/STM32CubeIDE_1.19.0/STM32CubeIDE/plugins/com.st.stm32cube.ide.mcu.externaltools.gnu-tools-for-stm32.13.3.rel1.win32_1.0.0.202411081344/tools/bin/../lib/gcc/arm-none-eabi/13.3.1/../../../../arm-none-eabi/lib/thumb/v7e-m+fp/hard\libc_nano.a(libc_a-findfp.o) (_fwalk_sglue)
C:/ST/STM32CubeIDE_1.19.0/STM32CubeIDE/plugins/com.st.stm32cube.ide.mcu.externaltools.gnu-tools-for-stm32.13.3.rel1.win32_1.0.0.202411081344/tools/bin/../lib/gcc/arm-none-eabi/13.3.1/../../../../arm-none-eabi/lib/thumb/v7e-m+fp/hard\libc_nano.a(libc_a-snprintf.o)
                              ./Core/Src/main.o (snprintf)
C:/ST/STM32CubeIDE_1.19.0/STM32CubeIDE/plugins/com.st.stm32cube.ide.mcu.externaltools.gnu-tools-for-stm32.13.3.rel1.win32_1.0.0.202411081344/tools/bin/../lib/gcc/arm-none-eabi/13.3.1/../../../../arm-none-eabi/lib/thumb/v7e-m+fp/hard\libc_nano.a(libc_a-sprintf.o)
                              C:/ST/STM32CubeIDE_1.19.0/STM32CubeIDE/plugins/com.st.stm32cube.ide.mcu.externaltools.gnu-tools-for-stm32.13.3.rel1.win32_1.0.0.202411081344/tools/bin/../lib/gcc/arm-none-eabi/13.3.1/../../../../arm-none-eabi/lib/thumb/v7e-m+fp/hard\libc_nano.a(libc_a-nano-vfscanf_float.o) (sprintf)
C:/ST/STM32CubeIDE_1.19.0/STM32CubeIDE/plugins/com.st.stm32cube.ide.mcu.externaltools.gnu-tools-for-stm32.13.3.rel1.win32_1.0.0.202411081344/tools/bin/../lib/gcc/arm-none-eabi/13.3.1/../../../../arm-none-eabi/lib/thumb/v7e-m+fp/hard\libc_nano.a(libc_a-stdio.o)
                              C:/ST/STM32CubeIDE_1.19.0/STM32CubeIDE/plugins/com.st.stm32cube.ide.mcu.externaltools.gnu-tools-for-stm32.13.3.rel1.win32_1.0.0.202411081344/tools/bin/../lib/gcc/arm-none-eabi/13.3.1/../../../../arm-none-eabi/lib/thumb/v7e-m+fp/hard\libc_nano.a(libc_a-findfp.o) (__sread)
C:/ST/STM32CubeIDE_1.19.0/STM32CubeIDE/plugins/com.st.stm32cube.ide.mcu.externaltools.gnu-tools-for-stm32.13.3.rel1.win32_1.0.0.202411081344/tools/bin/../lib/gcc/arm-none-eabi/13.3.1/../../../../arm-none-eabi/lib/thumb/v7e-m+fp/hard\libc_nano.a(libc_a-memset.o)
                              C:/ST/STM32CubeIDE_1.19.0/STM32CubeIDE/plugins/com.st.stm32cube.ide.mcu.externaltools.gnu-tools-for-stm32.13.3.rel1.win32_1.0.0.202411081344/tools/bin/../lib/gcc/arm-none-eabi/13.3.1/../../../../arm-none-eabi/lib/thumb/v7e-m+fp/hard/crt0.o (memset)
[...]
Memory Configuration

Name             Origin             Length             Attributes
RAM              0x20000000         0x00020000         xrw
FLASH            0x08000000         0x00080000         xr
*default*        0x00000000         0xffffffff

Linker script and memory map

LOAD C:/ST/STM32CubeIDE_1.19.0/STM32CubeIDE/plugins/com.st.stm32cube.ide.mcu.externaltools.gnu-tools-for-stm32.13.3.rel1.win32_1.0.0.202411081344/tools/bin/../lib/gcc/arm-none-eabi/13.3.1/thumb/v7e-m+fp/hard/crti.o
LOAD C:/ST/STM32CubeIDE_1.19.0/STM32CubeIDE/plugins/com.st.stm32cube.ide.mcu.externaltools.gnu-tools-for-stm32.13.3.rel1.win32_1.0.0.202411081344/tools/bin/../lib/gcc/arm-none-eabi/13.3.1/thumb/v7e-m+fp/hard/crtbegin.o
LOAD C:/ST/STM32CubeIDE_1.19.0/STM32CubeIDE/plugins/com.st.stm32cube.ide.mcu.externaltools.gnu-tools-for-stm32.13.3.rel1.win32_1.0.0.202411081344/tools/bin/../lib/gcc/arm-none-eabi/13.3.1/../../../../arm-none-eabi/lib/thumb/v7e-m+fp/hard/crt0.o
LOAD ./Core/Src/kalman_filter.o
LOAD ./Core/Src/magnetometer_calibration.o
LOAD ./Core/Src/main.o
LOAD ./Core/Src/stm32f4xx_hal_msp.o
LOAD ./Core/Src/stm32f4xx_it.o
LOAD ./Core/Src/stm32f4xx_nucleo_bus.o
LOAD ./Core/Src/syscalls.o
LOAD ./Core/Src/sysmem.o
LOAD ./Core/Src/system_stm32f4xx.o
LOAD ./Core/Startup/startup_stm32f446retx.o
LOAD ./Drivers/BSP/Components/iis2dlpc/iis2dlpc.o
LOAD ./Drivers/BSP/Components/iis2dlpc/iis2dlpc_reg.o
LOAD ./Drivers/BSP/Components/iis2mdc/iis2mdc.o
LOAD ./Drivers/BSP/Components/iis2mdc/iis2mdc_reg.o
LOAD ./Drivers/BSP/Components/ism330dhcx/ism330dhcx.o
LOAD ./Drivers/BSP/Components/ism330dhcx/ism330dhcx_reg.o
LOAD ./Drivers/BSP/IKS02A1/iks02a1_motion_sensors.o
LOAD ./Drivers/BSP/IKS02A1/iks02a1_motion_sensors_ex.o
LOAD ./Drivers/STM32F4xx_HAL_Driver/Src/stm32f4xx_hal.o
LOAD ./Drivers/STM32F4xx_HAL_Driver/Src/stm32f4xx_hal_cortex.o
LOAD ./Drivers/STM32F4xx_HAL_Driver/Src/stm32f4xx_hal_dma.o
LOAD ./Drivers/STM32F4xx_HAL_Driver/Src/stm32f4xx_hal_dma_ex.o
LOAD ./Drivers/STM32F4xx_HAL_Driver/Src/stm32f4xx_hal_exti.o
LOAD ./Drivers/STM32F4xx_HAL_Driver/Src/stm32f4xx_hal_flash.o
LOAD ./Drivers/STM32F4xx_HAL_Driver/Src/stm32f4xx_hal_flash_ex.o
LOAD ./Drivers/STM32F4xx_HAL_Driver/Src/stm32f4xx_hal_flash_ramfunc.o
LOAD ./Drivers/STM32F4xx_HAL_Driver/Src/stm32f4xx_hal_gpio.o
LOAD ./Drivers/STM32F4xx_HAL_Driver/Src/stm32f4xx_hal_i2c.o
LOAD ./Drivers/STM32F4xx_HAL_Driver/Src/stm32f4xx_hal_i2c_ex.o
LOAD ./Drivers/STM32F4xx_HAL_Driver/Src/stm32f4xx_hal_pwr.o
LOAD ./Drivers/STM32F4xx_HAL_Driver/Src/stm32f4xx_hal_pwr_ex.o
LOAD ./Drivers/STM32F4xx_HAL_Driver/Src/stm32f4xx_hal_rcc.o
LOAD ./Drivers/STM32F4xx_HAL_Driver/Src/stm32f4xx_hal_rcc_ex.o
LOAD ./Drivers/STM32F4xx_HAL_Driver/Src/stm32f4xx_hal_uart.o
START GROUP
LOAD C:/ST/STM32CubeIDE_1.19.0/STM32CubeIDE/plugins/com.st.stm32cube.ide.mcu.externaltools.gnu-tools-for-stm32.13.3.rel1.win32_1.0.0.202411081344/tools/bin/../lib/gcc/arm-none-eabi/13.3.1/../../../../arm-none-eabi/lib/thumb/v7e-m+fp/hard\libc_nano.a
LOAD C:/ST/STM32CubeIDE_1.19.0/STM32CubeIDE/plugins/com.st.stm32cube.ide.mcu.externaltools.gnu-tools-for-stm32.13.3.rel1.win32_1.0.0.202411081344/tools/bin/../lib/gcc/arm-none-eabi/13.3.1/../../../../arm-none-eabi/lib/thumb/v7e-m+fp/hard\libm.a
END GROUP
START GROUP
LOAD C:/ST/STM32CubeIDE_1.19.0/STM32CubeIDE/plugins/com.st.stm32cube.ide.mcu.externaltools.gnu-tools-for-stm32.13.3.rel1.win32_1.0.0.202411081344/tools/bin/../lib/gcc/arm-none-eabi/13.3.1/thumb/v7e-m+fp/hard\libgcc.a
LOAD C:/ST/STM32CubeIDE_1.19.0/STM32CubeIDE/plugins/com.st.stm32cube.ide.mcu.externaltools.gnu-tools-for-stm32.13.3.rel1.win32_1.0.0.202411081344/tools/bin/../lib/gcc/arm-none-eabi/13.3.1/../../../../arm-none-eabi/lib/thumb/v7e-m+fp/hard\libc_nano.a
END GROUP
START GROUP
LOAD C:/ST/STM32CubeIDE_1.19.0/STM32CubeIDE/plugins/com.st.stm32cube.ide.mcu.externaltools.gnu-tools-for-stm32.13.3.rel1.win32_1.0.0.202411081344/tools/bin/../lib/gcc/arm-none-eabi/13.3.1/thumb/v7e-m+fp/hard\libgcc.a
LOAD C:/ST/STM32CubeIDE_1.19.0/STM32CubeIDE/plugins/com.st.stm32cube.ide.mcu.externaltools.gnu-tools-for-stm32.13.3.rel1.win32_1.0.0.202411081344/tools/bin/../lib/gcc/arm-none-eabi/13.3.1/../../../../arm-none-eabi/lib/thumb/v7e-m+fp/hard\libc_nano.a
LOAD C:/ST/STM32CubeIDE_1.19.0/STM32CubeIDE/plugins/com.st.stm32cube.ide.mcu.externaltools.gnu-tools-for-stm32.13.3.rel1.win32_1.0.0.202411081344/tools/bin/../lib/gcc/arm-none-eabi/13.3.1/../../../../arm-none-eabi/lib/thumb/v7e-m+fp/hard\libnosys.a
END GROUP
START GROUP
LOAD C:/ST/STM32CubeIDE_1.19.0/STM32CubeIDE/plugins/com.st.stm32cube.ide.mcu.externaltools.gnu-tools-for-stm32.13.3.rel1.win32_1.0.0.202411081344/tools/bin/../lib/gcc/arm-none-eabi/13.3.1/thumb/v7e-m+fp/hard\libgcc.a
LOAD C:/ST/STM32CubeIDE_1.19.0/STM32CubeIDE/plugins/com.st.stm32cube.ide.mcu.externaltools.gnu-tools-for-stm32.13.3.rel1.win32_1.0.0.202411081344/tools/bin/../lib/gcc/arm-none-eabi/13.3.1/../../../../arm-none-eabi/lib/thumb/v7e-m+fp/hard\libc_nano.a
LOAD C:/ST/STM32CubeIDE_1.19.0/STM32CubeIDE/plugins/com.st.stm32cube.ide.mcu.externaltools.gnu-tools-for-stm32.13.3.rel1.win32_1.0.0.202411081344/tools/bin/../lib/gcc/arm-none-eabi/13.3.1/../../../../arm-none-eabi/lib/thumb/v7e-m+fp/hard\libnosys.a
END GROUP
LOAD C:/ST/STM32CubeIDE_1.19.0/STM32CubeIDE/plugins/com.st.stm32cube.ide.mcu.externaltools.gnu-tools-for-stm32.13.3.rel1.win32_1.0.0.202411081344/tools/bin/../lib/gcc/arm-none-eabi/13.3.1/thumb/v7e-m+fp/hard/crtend.o
LOAD C:/ST/STM32CubeIDE_1.19.0/STM32CubeIDE/plugins/com.st.stm32cube.ide.mcu.externaltools.gnu-tools-for-stm32.13.3.rel1.win32_1.0.0.202411081344/tools/bin/../lib/gcc/arm-none-eabi/13.3.1/thumb/v7e-m+fp/hard/crtn.o
                0x20020000                        _estack = (ORIGIN (RAM) + LENGTH (RAM))
                0x00000200                        _Min_Heap_Size = 0x200
                0x00000400                        _Min_Stack_Size = 0x400

.isr_vector     0x08000000      0x1c4
                0x08000000                        . = ALIGN (0x4)
 *(.isr_vector)
 .isr_vector    0x08000000      0x1c4 ./Core/Startup/startup_stm32f446retx.o
                0x08000000                g_pfnVectors
                0x080001c4                        . = ALIGN (0x4)

.text           0x080001d0     0xe2bc
                0x080001d0                        . = ALIGN (0x4)
 *(.text)
 .text          0x080001d0       0x40 C:/ST/STM32CubeIDE_1.19.0/STM32CubeIDE/plugins/com.st.stm32cube.ide.mcu.externaltools.gnu-tools-for-stm32.13.3.rel1.win32_1.0.0.202411081344/tools/bin/../lib/gcc/arm-none-eabi/13.3.1/thumb/v7e-m+fp/hard/crtbegin.o
 .text          0x08000210       0xa0 C:/ST/STM32CubeIDE_1.19.0/STM32CubeIDE/plugins/com.st.stm32cube.ide.mcu.externaltools.gnu-tools-for-stm32.13.3.rel1.win32_1.0.0.202411081344/tools/bin/../lib/gcc/arm-none-eabi/13.3.1/../../../../arm-none-eabi/lib/thumb/v7e-m+fp/hard\libc_nano.a(libc_a-memchr.o)
                0x08000210                memchr
 .text          0x080002b0       0x10 C:/ST/STM32CubeIDE_1.19.0/STM32CubeIDE/plugins/com.st.stm32cube.ide.mcu.externaltools.gnu-tools-for-stm32.13.3.rel1.win32_1.0.0.202411081344/tools/bin/../lib/gcc/arm-none-eabi/13.3.1/../../../../arm-none-eabi/lib/thumb/v7e-m+fp/hard\libc_nano.a(libc_a-strlen.o)
                0x080002b0                strlen
 .text          0x080002c0      0x378 C:/ST/STM32CubeIDE_1.19.0/STM32CubeIDE/plugins/com.st.stm32cube.ide.mcu.externaltools.gnu-tools-for-stm32.13.3.rel1.win32_1.0.0.202411081344/tools/bin/../lib/gcc/arm-none-eabi/13.3.1/thumb/v7e-m+fp/hard\libgcc.a(_arm_addsubdf3.o)
                0x080002c0                __aeabi_drsub
                0x080002c8                __aeabi_dsub
                0x080002c8                __subdf3
                0x080002cc                __aeabi_dadd
                0x080002cc                __adddf3
                0x08000544                __floatunsidf
                0x08000544                __aeabi_ui2d
                0x08000564                __floatsidf
                0x08000564                __aeabi_i2d
                0x08000588                __aeabi_f2d
                0x08000588                __extendsfdf2
                0x080005cc                __floatundidf
                0x080005cc                __aeabi_ul2d
                0x080005dc                __floatdidf
                0x080005dc                __aeabi_l2d
 .text          0x08000638      0x424 C:/ST/STM32CubeIDE_1.19.0/STM32CubeIDE/plugins/com.st.stm32cube.ide.mcu.externaltools.gnu-tools-for-stm32.13.3.rel1.win32_1.0.0.202411081344/tools/bin/../lib/gcc/arm-none-eabi/13.3.1/thumb/v7e-m+fp/hard\libgcc.a(_arm_muldivdf3.o)
                0x08000638                __aeabi_dmul
                0x08000638                __muldf3
                0x0800088c                __divdf3
                0x0800088c                __aeabi_ddiv
 .text          0x08000a5c      0x110 C:/ST/STM32CubeIDE_1.19.0/STM32CubeIDE/plugins/com.st.stm32cube.ide.mcu.externaltools.gnu-tools-for-stm32.13.3.rel1.win32_1.0.0.202411081344/tools/bin/../lib/gcc/arm-none-eabi/13.3.1/thumb/v7e-m+fp/hard\libgcc.a(_arm_cmpdf2.o)
                0x08000a5c                __gtdf2
                0x08000a5c                __gedf2
                0x08000a64                __ltdf2
                0x08000a64                __ledf2
                0x08000a6c                __nedf2
                0x08000a6c                __eqdf2
                0x08000a6c                __cmpdf2
                0x08000ae8                __aeabi_cdrcmple
                0x08000af8                __aeabi_cdcmpeq
                0x08000af8                __aeabi_cdcmple
                0x08000b08                __aeabi_dcmpeq
                0x08000b1c                __aeabi_dcmplt
                0x08000b30                __aeabi_dcmple
                0x08000b44                __aeabi_dcmpge
                0x08000b58                __aeabi_dcmpgt
 .text          0x08000b6c       0x2c C:/ST/STM32CubeIDE_1.19.0/STM32CubeIDE/plugins/com.st.stm32cube.ide.mcu.externaltools.gnu-tools-for-stm32.13.3.rel1.win32_1.0.0.202411081344/tools/bin/../lib/gcc/arm-none-eabi/13.3.1/thumb/v7e-m+fp/hard\libgcc.a(_arm_unorddf2.o)
                0x08000b6c                __unorddf2
                0x08000b6c                __aeabi_dcmpun
 .text          0x08000b98       0x50 C:/ST/STM32CubeIDE_1.19.0/STM32CubeIDE/plugins/com.st.stm32cube.ide.mcu.externaltools.gnu-tools-for-stm32.13.3.rel1.win32_1.0.0.202411081344/tools/bin/../lib/gcc/arm-none-eabi/13.3.1/thumb/v7e-m+fp/hard\libgcc.a(_arm_fixdfsi.o)
                0x08000b98                __aeabi_d2iz
                0x08000b98                __fixdfsi
 .text          0x08000be8       0x40 C:/ST/STM32CubeIDE_1.19.0/STM32CubeIDE/plugins/com.st.stm32cube.ide.mcu.externaltools.gnu-tools-for-stm32.13.3.rel1.win32_1.0.0.202411081344/tools/bin/../lib/gcc/arm-none-eabi/13.3.1/thumb/v7e-m+fp/hard\libgcc.a(_arm_fixunsdfsi.o)
                0x08000be8                __aeabi_d2uiz
                0x08000be8                __fixunsdfsi
 .text          0x08000c28       0xa0 C:/ST/STM32CubeIDE_1.19.0/STM32CubeIDE/plugins/com.st.stm32cube.ide.mcu.externaltools.gnu-tools-for-stm32.13.3.rel1.win32_1.0.0.202411081344/tools/bin/../lib/gcc/arm-none-eabi/13.3.1/thumb/v7e-m+fp/hard\libgcc.a(_arm_truncdfsf2.o)
                0x08000c28                __truncdfsf2
                0x08000c28                __aeabi_d2f
 .text          0x08000cc8       0x30 C:/ST/STM32CubeIDE_1.19.0/STM32CubeIDE/plugins/com.st.stm32cube.ide.mcu.externaltools.gnu-tools-for-stm32.13.3.rel1.win32_1.0.0.202411081344/tools/bin/../lib/gcc/arm-none-eabi/13.3.1/thumb/v7e-m+fp/hard\libgcc.a(_aeabi_uldivmod.o)
                0x08000cc8                __aeabi_uldivmod
 .text          0x08000cf8       0x30 C:/ST/STM32CubeIDE_1.19.0/STM32CubeIDE/plugins/com.st.stm32cube.ide.mcu.externaltools.gnu-tools-for-stm32.13.3.rel1.win32_1.0.0.202411081344/tools/bin/../lib/gcc/arm-none-eabi/13.3.1/thumb/v7e-m+fp/hard\libgcc.a(_fixdfdi.o)
                0x08000cf8                __fixdfdi
                0x08000cf8                __aeabi_d2lz
 .text          0x08000d28       0x3c C:/ST/STM32CubeIDE_1.19.0/STM32CubeIDE/plugins/com.st.stm32cube.ide.mcu.externaltools.gnu-tools-for-stm32.13.3.rel1.win32_1.0.0.202411081344/tools/bin/../lib/gcc/arm-none-eabi/13.3.1/thumb/v7e-m+fp/hard\libgcc.a(_fixunsdfdi.o)
                0x08000d28                __fixunsdfdi
                0x08000d28                __aeabi_d2ulz
 .text          0x08000d64      0x2f8 C:/ST/STM32CubeIDE_1.19.0/STM32CubeIDE/plugins/com.st.stm32cube.ide.mcu.externaltools.gnu-tools-for-stm32.13.3.rel1.win32_1.0.0.202411081344/tools/bin/../lib/gcc/arm-none-eabi/13.3.1/thumb/v7e-m+fp/hard\libgcc.a(_udivmoddi4.o)
                0x08000d64                __udivmoddi4
 .text          0x0800105c        0x4 C:/ST/STM32CubeIDE_1.19.0/STM32CubeIDE/plugins/com.st.stm32cube.ide.mcu.externaltools.gnu-tools-for-stm32.13.3.rel1.win32_1.0.0.202411081344/tools/bin/../lib/gcc/arm-none-eabi/13.3.1/thumb/v7e-m+fp/hard\libgcc.a(_dvmd_tls.o)
                0x0800105c                __aeabi_idiv0
                0x0800105c                __aeabi_ldiv0
 *(.text*)
 .text.KalmanFilter_Init
                0x08001060       0x64 ./Core/Src/kalman_filter.o
                0x08001060                KalmanFilter_Init
 .text.KalmanFilter_Update
                0x080010c4      0x1fc ./Core/Src/kalman_filter.o
                0x080010c4                KalmanFilter_Update
 .text.Magnetometer_UpdateCalibration
                0x080012c0       0xa6 ./Core/Src/magnetometer_calibration.o
                0x080012c0                Magnetometer_UpdateCalibration
 .text.Magnetometer_ComputeOffset
                0x08001366       0x5e ./Core/Src/magnetometer_calibration.o
                0x08001366                Magnetometer_ComputeOffset
 .text.main     0x080013c4      0x3c0 ./Core/Src/main.o
                0x080013c4                main
 .text.SystemClock_Config
                0x08001784       0xdc ./Core/Src/main.o
                0x08001784                SystemClock_Config
 .text.MX_USART2_UART_Init
                0x08001860       0x54 ./Core/Src/main.o
 .text.MX_USART3_UART_Init
                0x080018b4       0x54 ./Core/Src/main.o
 .text.MX_GPIO_Init
                0x08001908       0xdc ./Core/Src/main.o
 .text.HAL_UART_TxCpltCallback
                0x080019e4       0x2c ./Core/Src/main.o
                0x080019e4                HAL_UART_TxCpltCallback
 .text.Error_Handler
                0x08001a10        0xc ./Core/Src/main.o
                0x08001a10                Error_Handler
 .text.HAL_MspInit
                0x08001a1c       0x50 ./Core/Src/stm32f4xx_hal_msp.o
                0x08001a1c                HAL_MspInit
 .text.HAL_UART_MspInit
                0x08001a6c      0x10c ./Core/Src/stm32f4xx_hal_msp.o
                0x08001a6c                HAL_UART_MspInit
 .text.NMI_Handler
                0x08001b78        0x8 ./Core/Src/stm32f4xx_it.o
                0x08001b78                NMI_Handler
 .text.HardFault_Handler
                0x08001b80        0x8 ./Core/Src/stm32f4xx_it.o
                0x08001b80                HardFault_Handler
 .text.MemManage_Handler
                0x08001b88        0x8 ./Core/Src/stm32f4xx_it.o
                0x08001b88                MemManage_Handler
 .text.BusFault_Handler
                0x08001b90        0x8 ./Core/Src/stm32f4xx_it.o
                0x08001b90                BusFault_Handler
 .text.UsageFault_Handler
                0x08001b98        0x8 ./Core/Src/stm32f4xx_it.o
                0x08001b98                UsageFault_Handler
 .text.SVC_Handler
                0x08001ba0        0xe ./Core/Src/stm32f4xx_it.o
                0x08001ba0                SVC_Handler
 .text.DebugMon_Handler
                0x08001bae        0xe ./Core/Src/stm32f4xx_it.o
                0x08001bae                DebugMon_Handler
 .text.PendSV_Handler
                0x08001bbc        0xe ./Core/Src/stm32f4xx_it.o
                0x08001bbc                PendSV_Handler
 .text.SysTick_Handler
                0x08001bca        0xc ./Core/Src/stm32f4xx_it.o
                0x08001bca                SysTick_Handler
 *fill*         0x08001bd6        0x2 
 .text.USART3_IRQHandler
                0x08001bd8       0x14 ./Core/Src/stm32f4xx_it.o
                0x08001bd8                USART3_IRQHandler
 .text.BSP_I2C1_Init
                0x08001bec       0x64 ./Core/Src/stm32f4xx_nucleo_bus.o
                0x08001bec                BSP_I2C1_Init
 .text.BSP_I2C1_DeInit
                0x08001c50       0x50 ./Core/Src/stm32f4xx_nucleo_bus.o
                0x08001c50                BSP_I2C1_DeInit
 .text.BSP_I2C1_WriteReg
                0x08001ca0       0x64 ./Core/Src/stm32f4xx_nucleo_bus.o
                0x08001ca0                BSP_I2C1_WriteReg
 .text.BSP_I2C1_ReadReg
                0x08001d04       0x64 ./Core/Src/stm32f4xx_nucleo_bus.o
                0x08001d04                BSP_I2C1_ReadReg
 .text.BSP_GetTick
                0x08001d68        0xe ./Core/Src/stm32f4xx_nucleo_bus.o
                0x08001d68                BSP_GetTick
 *fill*         0x08001d76        0x2 
 .text.MX_I2C1_Init
                0x08001d78       0x68 ./Core/Src/stm32f4xx_nucleo_bus.o
                0x08001d78                MX_I2C1_Init
 .text.I2C1_MspInit
                0x08001de0       0x94 ./Core/Src/stm32f4xx_nucleo_bus.o
 .text.I2C1_MspDeInit
                0x08001e74       0x38 ./Core/Src/stm32f4xx_nucleo_bus.o
 .text._getpid  0x08001eac       0x10 ./Core/Src/syscalls.o
                0x08001eac                _getpid
 .text._kill    0x08001ebc       0x20 ./Core/Src/syscalls.o
                0x08001ebc                _kill
 .text._exit    0x08001edc       0x16 ./Core/Src/syscalls.o
                0x08001edc                _exit
 .text._read    0x08001ef2       0x3a ./Core/Src/syscalls.o
                0x08001ef2                _read
 .text._write   0x08001f2c       0x38 ./Core/Src/syscalls.o
                0x08001f2c                _write
 .text._close   0x08001f64       0x18 ./Core/Src/syscalls.o
                0x08001f64                _close
 .text._fstat   0x08001f7c       0x20 ./Core/Src/syscalls.o
                0x08001f7c                _fstat
 .text._isatty  0x08001f9c       0x16 ./Core/Src/syscalls.o
                0x08001f9c                _isatty
 .text._lseek   0x08001fb2       0x1a ./Core/Src/syscalls.o
                0x08001fb2                _lseek
 .text._sbrk    0x08001fcc       0x6c ./Core/Src/sysmem.o
                0x08001fcc                _sbrk
 .text.SystemInit
                0x08002038       0x24 ./Core/Src/system_stm32f4xx.o
                0x08002038                SystemInit
 .text.Reset_Handler
                0x0800205c       0x50 ./Core/Startup/startup_stm32f446retx.o
                0x0800205c                Reset_Handler
 .text.Default_Handler
                0x080020ac        0x2 ./Core/Startup/startup_stm32f446retx.o
                0x080020ac                RTC_Alarm_IRQHandler
                0x080020ac                EXTI2_IRQHandler
                0x080020ac                TIM8_CC_IRQHandler
                0x080020ac                FMPI2C1_EV_IRQHandler
                0x080020ac                SPI4_IRQHandler
                0x080020ac                TIM1_CC_IRQHandler
                0x080020ac                DMA2_Stream5_IRQHandler
                0x080020ac                DMA1_Stream5_IRQHandler
                0x080020ac                PVD_IRQHandler
                0x080020ac                SDIO_IRQHandler
                0x080020ac                TAMP_STAMP_IRQHandler
                0x080020ac                CAN2_RX1_IRQHandler
                0x080020ac                EXTI3_IRQHandler
                0x080020ac                TIM8_TRG_COM_TIM14_IRQHandler
                0x080020ac                TIM1_UP_TIM10_IRQHandler
                0x080020ac                TIM8_UP_TIM13_IRQHandler
                0x080020ac                I2C3_ER_IRQHandler
                0x080020ac                EXTI0_IRQHandler
                0x080020ac                I2C2_EV_IRQHandler
                0x080020ac                DMA1_Stream2_IRQHandler
                0x080020ac                CAN1_RX0_IRQHandler
                0x080020ac                FPU_IRQHandler
                0x080020ac                OTG_HS_WKUP_IRQHandler
                0x080020ac                CAN2_SCE_IRQHandler
                0x080020ac                DMA2_Stream2_IRQHandler
                0x080020ac                SPI1_IRQHandler
                0x080020ac                TIM6_DAC_IRQHandler
                0x080020ac                TIM1_BRK_TIM9_IRQHandler
                0x080020ac                DCMI_IRQHandler
                0x080020ac                CAN2_RX0_IRQHandler
                0x080020ac                DMA2_Stream3_IRQHandler
                0x080020ac                SAI2_IRQHandler
                0x080020ac                USART6_IRQHandler
                0x080020ac                CAN1_RX1_IRQHandler
                0x080020ac                UART5_IRQHandler
                0x080020ac                DMA2_Stream0_IRQHandler
                0x080020ac                TIM4_IRQHandler
                0x080020ac                QUADSPI_IRQHandler
                0x080020ac                I2C1_EV_IRQHandler
                0x080020ac                DMA1_Stream6_IRQHandler
                0x080020ac                DMA1_Stream1_IRQHandler
                0x080020ac                UART4_IRQHandler
                0x080020ac                TIM3_IRQHandler
                0x080020ac                RCC_IRQHandler
                0x080020ac                TIM8_BRK_TIM12_IRQHandler
                0x080020ac                Default_Handler
                0x080020ac                CEC_IRQHandler
                0x080020ac                EXTI15_10_IRQHandler
                0x080020ac                ADC_IRQHandler
                0x080020ac                DMA1_Stream7_IRQHandler
                0x080020ac                TIM7_IRQHandler
                0x080020ac                CAN2_TX_IRQHandler
                0x080020ac                TIM5_IRQHandler
                0x080020ac                DMA2_Stream7_IRQHandler
                0x080020ac                I2C3_EV_IRQHandler
                0x080020ac                EXTI9_5_IRQHandler
                0x080020ac                RTC_WKUP_IRQHandler
                0x080020ac                SPDIF_RX_IRQHandler
                0x080020ac                SPI2_IRQHandler
                0x080020ac                OTG_HS_EP1_IN_IRQHandler
                0x080020ac                DMA1_Stream0_IRQHandler
                0x080020ac                CAN1_TX_IRQHandler
                0x080020ac                FMPI2C1_ER_IRQHandler
                0x080020ac                EXTI4_IRQHandler
                0x080020ac                OTG_HS_EP1_OUT_IRQHandler
                0x080020ac                WWDG_IRQHandler
                0x080020ac                TIM2_IRQHandler
                0x080020ac                OTG_FS_WKUP_IRQHandler
                0x080020ac                TIM1_TRG_COM_TIM11_IRQHandler
                0x080020ac                OTG_HS_IRQHandler
                0x080020ac                EXTI1_IRQHandler
                0x080020ac                USART2_IRQHandler
                0x080020ac                I2C2_ER_IRQHandler
                0x080020ac                DMA2_Stream1_IRQHandler
                0x080020ac                CAN1_SCE_IRQHandler
                0x080020ac                FLASH_IRQHandler
                0x080020ac                DMA2_Stream4_IRQHandler
                0x080020ac                USART1_IRQHandler
                0x080020ac                OTG_FS_IRQHandler
                0x080020ac                SPI3_IRQHandler
                0x080020ac                DMA1_Stream4_IRQHandler
                0x080020ac                I2C1_ER_IRQHandler
                0x080020ac                FMC_IRQHandler
                0x080020ac                DMA2_Stream6_IRQHandler
                0x080020ac                SAI1_IRQHandler
                0x080020ac                DMA1_Stream3_IRQHandler
 *fill*         0x080020ae        0x2 
 .text.IIS2DLPC_RegisterBusIO
                0x080020b0       0xd4 ./Drivers/BSP/Components/iis2dlpc/iis2dlpc.o
                0x080020b0                IIS2DLPC_RegisterBusIO
 .text.IIS2DLPC_Init
                0x08002184       0xc4 ./Drivers/BSP/Components/iis2dlpc/iis2dlpc.o
                0x08002184                IIS2DLPC_Init
 .text.IIS2DLPC_DeInit
                0x08002248       0x44 ./Drivers/BSP/Components/iis2dlpc/iis2dlpc.o
                0x08002248                IIS2DLPC_DeInit
 .text.IIS2DLPC_ReadID
                0x0800228c       0x2c ./Drivers/BSP/Components/iis2dlpc/iis2dlpc.o
                0x0800228c                IIS2DLPC_ReadID
 .text.IIS2DLPC_GetCapabilities
                0x080022b8       0x5c ./Drivers/BSP/Components/iis2dlpc/iis2dlpc.o
                0x080022b8                IIS2DLPC_GetCapabilities
 .text.IIS2DLPC_ACC_Enable
                0x08002314       0x52 ./Drivers/BSP/Components/iis2dlpc/iis2dlpc.o
                0x08002314                IIS2DLPC_ACC_Enable
 .text.IIS2DLPC_ACC_Disable
                0x08002366       0x40 ./Drivers/BSP/Components/iis2dlpc/iis2dlpc.o
                0x08002366                IIS2DLPC_ACC_Disable
 *fill*         0x080023a6        0x2 
 .text.IIS2DLPC_ACC_GetSensitivity
                0x080023a8      0x150 ./Drivers/BSP/Components/iis2dlpc/iis2dlpc.o
                0x080023a8                IIS2DLPC_ACC_GetSensitivity
 .text.IIS2DLPC_ACC_GetOutputDataRate
                0x080024f8      0x2bc ./Drivers/BSP/Components/iis2dlpc/iis2dlpc.o
                0x080024f8                IIS2DLPC_ACC_GetOutputDataRate
 .text.IIS2DLPC_ACC_SetOutputDataRate
                0x080027b4       0x24 ./Drivers/BSP/Components/iis2dlpc/iis2dlpc.o
                0x080027b4                IIS2DLPC_ACC_SetOutputDataRate
 .text.IIS2DLPC_ACC_SetOutputDataRate_With_Mode
                0x080027d8       0x4c ./Drivers/BSP/Components/iis2dlpc/iis2dlpc.o
                0x080027d8                IIS2DLPC_ACC_SetOutputDataRate_With_Mode
 .text.IIS2DLPC_ACC_GetFullScale
                0x08002824       0x84 ./Drivers/BSP/Components/iis2dlpc/iis2dlpc.o
                0x08002824                IIS2DLPC_ACC_GetFullScale
 .text.IIS2DLPC_ACC_SetFullScale
                0x080028a8       0x50 ./Drivers/BSP/Components/iis2dlpc/iis2dlpc.o
                0x080028a8                IIS2DLPC_ACC_SetFullScale
 .text.IIS2DLPC_ACC_GetAxesRaw
                0x080028f8      0x104 ./Drivers/BSP/Components/iis2dlpc/iis2dlpc.o
                0x080028f8                IIS2DLPC_ACC_GetAxesRaw
 .text.IIS2DLPC_ACC_GetAxes
                0x080029fc       0xaa ./Drivers/BSP/Components/iis2dlpc/iis2dlpc.o
                0x080029fc                IIS2DLPC_ACC_GetAxes
 .text.IIS2DLPC_Write_Reg
                0x08002aa6       0x36 ./Drivers/BSP/Components/iis2dlpc/iis2dlpc.o
                0x08002aa6                IIS2DLPC_Write_Reg
 .text.IIS2DLPC_ACC_SetOutputDataRate_When_Enabled
                0x08002adc      0x238 ./Drivers/BSP/Components/iis2dlpc/iis2dlpc.o
 .text.IIS2DLPC_ACC_SetOutputDataRate_When_Disabled
                0x08002d14      0x124 ./Drivers/BSP/Components/iis2dlpc/iis2dlpc.o
 .text.ReadRegWrap
                0x08002e38       0x36 ./Drivers/BSP/Components/iis2dlpc/iis2dlpc.o
 .text.WriteRegWrap
                0x08002e6e       0x36 ./Drivers/BSP/Components/iis2dlpc/iis2dlpc.o
 .text.iis2dlpc_read_reg
                0x08002ea4       0x30 ./Drivers/BSP/Components/iis2dlpc/iis2dlpc_reg.o
                0x08002ea4                iis2dlpc_read_reg
 .text.iis2dlpc_write_reg
                0x08002ed4       0x30 ./Drivers/BSP/Components/iis2dlpc/iis2dlpc_reg.o
                0x08002ed4                iis2dlpc_write_reg
 .text.iis2dlpc_power_mode_set
                0x08002f04       0x9c ./Drivers/BSP/Components/iis2dlpc/iis2dlpc_reg.o
                0x08002f04                iis2dlpc_power_mode_set
 .text.iis2dlpc_power_mode_get
                0x08002fa0      0x174 ./Drivers/BSP/Components/iis2dlpc/iis2dlpc_reg.o
                0x08002fa0                iis2dlpc_power_mode_get
 .text.iis2dlpc_data_rate_set
                0x08003114       0x8a ./Drivers/BSP/Components/iis2dlpc/iis2dlpc_reg.o
                0x08003114                iis2dlpc_data_rate_set
 *fill*         0x0800319e        0x2 
 .text.iis2dlpc_data_rate_get
                0x080031a0      0x150 ./Drivers/BSP/Components/iis2dlpc/iis2dlpc_reg.o
                0x080031a0                iis2dlpc_data_rate_get
 .text.iis2dlpc_block_data_update_set
                0x080032f0       0x4c ./Drivers/BSP/Components/iis2dlpc/iis2dlpc_reg.o
                0x080032f0                iis2dlpc_block_data_update_set
 .text.iis2dlpc_full_scale_set
                0x0800333c       0x4c ./Drivers/BSP/Components/iis2dlpc/iis2dlpc_reg.o
                0x0800333c                iis2dlpc_full_scale_set
 .text.iis2dlpc_full_scale_get
                0x08003388       0x70 ./Drivers/BSP/Components/iis2dlpc/iis2dlpc_reg.o
                0x08003388                iis2dlpc_full_scale_get
 .text.iis2dlpc_acceleration_raw_get
                0x080033f8       0x90 ./Drivers/BSP/Components/iis2dlpc/iis2dlpc_reg.o
                0x080033f8                iis2dlpc_acceleration_raw_get
 .text.iis2dlpc_device_id_get
                0x08003488       0x22 ./Drivers/BSP/Components/iis2dlpc/iis2dlpc_reg.o
                0x08003488                iis2dlpc_device_id_get
 .text.iis2dlpc_auto_increment_set
                0x080034aa       0x4c ./Drivers/BSP/Components/iis2dlpc/iis2dlpc_reg.o
                0x080034aa                iis2dlpc_auto_increment_set
 .text.iis2dlpc_fifo_mode_set
                0x080034f6       0x4c ./Drivers/BSP/Components/iis2dlpc/iis2dlpc_reg.o
                0x080034f6                iis2dlpc_fifo_mode_set
 *fill*         0x08003542        0x2 
 .text.IIS2MDC_RegisterBusIO
                0x08003544       0xd0 ./Drivers/BSP/Components/iis2mdc/iis2mdc.o
                0x08003544                IIS2MDC_RegisterBusIO
 .text.IIS2MDC_Init
                0x08003614       0x7a ./Drivers/BSP/Components/iis2mdc/iis2mdc.o
                0x08003614                IIS2MDC_Init
 .text.IIS2MDC_DeInit
                0x0800368e       0x2c ./Drivers/BSP/Components/iis2mdc/iis2mdc.o
                0x0800368e                IIS2MDC_DeInit
 .text.IIS2MDC_ReadID
                0x080036ba       0x2c ./Drivers/BSP/Components/iis2mdc/iis2mdc.o
                0x080036ba                IIS2MDC_ReadID
 *fill*         0x080036e6        0x2 
 .text.IIS2MDC_GetCapabilities
                0x080036e8       0x5c ./Drivers/BSP/Components/iis2mdc/iis2mdc.o
                0x080036e8                IIS2MDC_GetCapabilities
 .text.IIS2MDC_MAG_Enable
                0x08003744       0x40 ./Drivers/BSP/Components/iis2mdc/iis2mdc.o
                0x08003744                IIS2MDC_MAG_Enable
 .text.IIS2MDC_MAG_Disable
                0x08003784       0x40 ./Drivers/BSP/Components/iis2mdc/iis2mdc.o
                0x08003784                IIS2MDC_MAG_Disable
 .text.IIS2MDC_MAG_GetSensitivity
                0x080037c4       0x20 ./Drivers/BSP/Components/iis2mdc/iis2mdc.o
                0x080037c4                IIS2MDC_MAG_GetSensitivity
 .text.IIS2MDC_MAG_GetOutputDataRate
                0x080037e4       0x8c ./Drivers/BSP/Components/iis2mdc/iis2mdc.o
                0x080037e4                IIS2MDC_MAG_GetOutputDataRate
 .text.IIS2MDC_MAG_SetOutputDataRate
                0x08003870       0x7c ./Drivers/BSP/Components/iis2mdc/iis2mdc.o
                0x08003870                IIS2MDC_MAG_SetOutputDataRate
 .text.IIS2MDC_MAG_GetFullScale
                0x080038ec       0x1e ./Drivers/BSP/Components/iis2mdc/iis2mdc.o
                0x080038ec                IIS2MDC_MAG_GetFullScale
 .text.IIS2MDC_MAG_SetFullScale
                0x0800390a       0x18 ./Drivers/BSP/Components/iis2mdc/iis2mdc.o
                0x0800390a                IIS2MDC_MAG_SetFullScale
 .text.IIS2MDC_MAG_GetAxesRaw
                0x08003922       0x48 ./Drivers/BSP/Components/iis2mdc/iis2mdc.o
                0x08003922                IIS2MDC_MAG_GetAxesRaw
 .text.IIS2MDC_MAG_GetAxes
                0x0800396a       0x9c ./Drivers/BSP/Components/iis2mdc/iis2mdc.o
                0x0800396a                IIS2MDC_MAG_GetAxes
 .text.ReadMagRegWrap
                0x08003a06       0x62 ./Drivers/BSP/Components/iis2mdc/iis2mdc.o
 .text.WriteMagRegWrap
                0x08003a68       0x62 ./Drivers/BSP/Components/iis2mdc/iis2mdc.o
 .text.iis2mdc_read_reg
                0x08003aca       0x30 ./Drivers/BSP/Components/iis2mdc/iis2mdc_reg.o
                0x08003aca                iis2mdc_read_reg
 .text.iis2mdc_write_reg
                0x08003afa       0x30 ./Drivers/BSP/Components/iis2mdc/iis2mdc_reg.o
                0x08003afa                iis2mdc_write_reg
 .text.iis2mdc_operating_mode_set
                0x08003b2a       0x4c ./Drivers/BSP/Components/iis2mdc/iis2mdc_reg.o
                0x08003b2a                iis2mdc_operating_mode_set
 .text.iis2mdc_data_rate_set
                0x08003b76       0x4c ./Drivers/BSP/Components/iis2mdc/iis2mdc_reg.o
                0x08003b76                iis2mdc_data_rate_set
 *fill*         0x08003bc2        0x2 
 .text.iis2mdc_data_rate_get
                0x08003bc4       0x70 ./Drivers/BSP/Components/iis2mdc/iis2mdc_reg.o
                0x08003bc4                iis2mdc_data_rate_get
 .text.iis2mdc_block_data_update_set
                0x08003c34       0x4c ./Drivers/BSP/Components/iis2mdc/iis2mdc_reg.o
                0x08003c34                iis2mdc_block_data_update_set
 .text.iis2mdc_magnetic_raw_get
                0x08003c80       0x90 ./Drivers/BSP/Components/iis2mdc/iis2mdc_reg.o
                0x08003c80                iis2mdc_magnetic_raw_get
 .text.iis2mdc_device_id_get
                0x08003d10       0x22 ./Drivers/BSP/Components/iis2mdc/iis2mdc_reg.o
                0x08003d10                iis2mdc_device_id_get
 .text.iis2mdc_self_test_set
                0x08003d32       0x4c ./Drivers/BSP/Components/iis2mdc/iis2mdc_reg.o
                0x08003d32                iis2mdc_self_test_set
 .text.iis2mdc_i2c_interface_set
                0x08003d7e       0x4c ./Drivers/BSP/Components/iis2mdc/iis2mdc_reg.o
                0x08003d7e                iis2mdc_i2c_interface_set
 *fill*         0x08003dca        0x2 
 .text.ISM330DHCX_RegisterBusIO
                0x08003dcc       0xd4 ./Drivers/BSP/Components/ism330dhcx/ism330dhcx.o
                0x08003dcc                ISM330DHCX_RegisterBusIO
 .text.ISM330DHCX_Init
                0x08003ea0      0x11a ./Drivers/BSP/Components/ism330dhcx/ism330dhcx.o
                0x08003ea0                ISM330DHCX_Init
 .text.ISM330DHCX_DeInit
                0x08003fba       0x4e ./Drivers/BSP/Components/ism330dhcx/ism330dhcx.o
                0x08003fba                ISM330DHCX_DeInit
 .text.ISM330DHCX_ReadID
                0x08004008       0x2c ./Drivers/BSP/Components/ism330dhcx/ism330dhcx.o
                0x08004008                ISM330DHCX_ReadID
 .text.ISM330DHCX_GetCapabilities
                0x08004034       0x5c ./Drivers/BSP/Components/ism330dhcx/ism330dhcx.o
                0x08004034                ISM330DHCX_GetCapabilities
 .text.ISM330DHCX_ACC_Enable
                0x08004090       0x48 ./Drivers/BSP/Components/ism330dhcx/ism330dhcx.o
                0x08004090                ISM330DHCX_ACC_Enable
 .text.ISM330DHCX_ACC_Disable
                0x080040d8       0x5e ./Drivers/BSP/Components/ism330dhcx/ism330dhcx.o
                0x080040d8                ISM330DHCX_ACC_Disable
 *fill*         0x08004136        0x2 
 .text.ISM330DHCX_ACC_GetSensitivity
                0x08004138       0x8c ./Drivers/BSP/Components/ism330dhcx/ism330dhcx.o
                0x08004138                ISM330DHCX_ACC_GetSensitivity
 .text.ISM330DHCX_ACC_GetOutputDataRate
                0x080041c4       0xf8 ./Drivers/BSP/Components/ism330dhcx/ism330dhcx.o
                0x080041c4                ISM330DHCX_ACC_GetOutputDataRate
 .text.ISM330DHCX_ACC_SetOutputDataRate
                0x080042bc       0x38 ./Drivers/BSP/Components/ism330dhcx/ism330dhcx.o
                0x080042bc                ISM330DHCX_ACC_SetOutputDataRate
 .text.ISM330DHCX_ACC_GetFullScale
                0x080042f4       0x7c ./Drivers/BSP/Components/ism330dhcx/ism330dhcx.o
                0x080042f4                ISM330DHCX_ACC_GetFullScale
 .text.ISM330DHCX_ACC_SetFullScale
                0x08004370       0x50 ./Drivers/BSP/Components/ism330dhcx/ism330dhcx.o
                0x08004370                ISM330DHCX_ACC_SetFullScale
 .text.ISM330DHCX_ACC_GetAxesRaw
                0x080043c0       0x48 ./Drivers/BSP/Components/ism330dhcx/ism330dhcx.o
                0x080043c0                ISM330DHCX_ACC_GetAxesRaw
 .text.ISM330DHCX_ACC_GetAxes
                0x08004408       0xae ./Drivers/BSP/Components/ism330dhcx/ism330dhcx.o
                0x08004408                ISM330DHCX_ACC_GetAxes
 .text.ISM330DHCX_GYRO_Enable
                0x080044b6       0x48 ./Drivers/BSP/Components/ism330dhcx/ism330dhcx.o
                0x080044b6                ISM330DHCX_GYRO_Enable
 .text.ISM330DHCX_GYRO_Disable
                0x080044fe       0x5e ./Drivers/BSP/Components/ism330dhcx/ism330dhcx.o
                0x080044fe                ISM330DHCX_GYRO_Disable
 .text.ISM330DHCX_GYRO_GetSensitivity
                0x0800455c       0xc8 ./Drivers/BSP/Components/ism330dhcx/ism330dhcx.o
                0x0800455c                ISM330DHCX_GYRO_GetSensitivity
 .text.ISM330DHCX_GYRO_GetOutputDataRate
                0x08004624       0xf8 ./Drivers/BSP/Components/ism330dhcx/ism330dhcx.o
                0x08004624                ISM330DHCX_GYRO_GetOutputDataRate
 .text.ISM330DHCX_GYRO_SetOutputDataRate
                0x0800471c       0x38 ./Drivers/BSP/Components/ism330dhcx/ism330dhcx.o
                0x0800471c                ISM330DHCX_GYRO_SetOutputDataRate
 .text.ISM330DHCX_GYRO_GetFullScale
                0x08004754       0xb8 ./Drivers/BSP/Components/ism330dhcx/ism330dhcx.o
                0x08004754                ISM330DHCX_GYRO_GetFullScale
 .text.ISM330DHCX_GYRO_SetFullScale
                0x0800480c       0x6a ./Drivers/BSP/Components/ism330dhcx/ism330dhcx.o
                0x0800480c                ISM330DHCX_GYRO_SetFullScale
 .text.ISM330DHCX_GYRO_GetAxesRaw
                0x08004876       0x48 ./Drivers/BSP/Components/ism330dhcx/ism330dhcx.o
                0x08004876                ISM330DHCX_GYRO_GetAxesRaw
 .text.ISM330DHCX_GYRO_GetAxes
                0x080048be       0xa8 ./Drivers/BSP/Components/ism330dhcx/ism330dhcx.o
                0x080048be                ISM330DHCX_GYRO_GetAxes
 .text.ISM330DHCX_Write_Reg
                0x08004966       0x36 ./Drivers/BSP/Components/ism330dhcx/ism330dhcx.o
                0x08004966                ISM330DHCX_Write_Reg
 .text.ISM330DHCX_ACC_SetOutputDataRate_When_Enabled
                0x0800499c      0x118 ./Drivers/BSP/Components/ism330dhcx/ism330dhcx.o
 .text.ISM330DHCX_ACC_SetOutputDataRate_When_Disabled
                0x08004ab4      0x104 ./Drivers/BSP/Components/ism330dhcx/ism330dhcx.o
 .text.ISM330DHCX_GYRO_SetOutputDataRate_When_Enabled
                0x08004bb8      0x118 ./Drivers/BSP/Components/ism330dhcx/ism330dhcx.o
 .text.ISM330DHCX_GYRO_SetOutputDataRate_When_Disabled
                0x08004cd0      0x104 ./Drivers/BSP/Components/ism330dhcx/ism330dhcx.o
 .text.ReadRegWrap
                0x08004dd4       0x36 ./Drivers/BSP/Components/ism330dhcx/ism330dhcx.o
 .text.WriteRegWrap
                0x08004e0a       0x36 ./Drivers/BSP/Components/ism330dhcx/ism330dhcx.o
 .text.ism330dhcx_read_reg
                0x08004e40       0x30 ./Drivers/BSP/Components/ism330dhcx/ism330dhcx_reg.o
                0x08004e40                ism330dhcx_read_reg
 .text.ism330dhcx_write_reg
                0x08004e70       0x30 ./Drivers/BSP/Components/ism330dhcx/ism330dhcx_reg.o
                0x08004e70                ism330dhcx_write_reg
 .text.ism330dhcx_xl_full_scale_set
                0x08004ea0       0x4c ./Drivers/BSP/Components/ism330dhcx/ism330dhcx_reg.o
                0x08004ea0                ism330dhcx_xl_full_scale_set
 .text.ism330dhcx_xl_full_scale_get
                0x08004eec       0x70 ./Drivers/BSP/Components/ism330dhcx/ism330dhcx_reg.o
                0x08004eec                ism330dhcx_xl_full_scale_get
 .text.ism330dhcx_xl_data_rate_set
                0x08004f5c      0x2d8 ./Drivers/BSP/Components/ism330dhcx/ism330dhcx_reg.o
                0x08004f5c                ism330dhcx_xl_data_rate_set
 .text.ism330dhcx_xl_data_rate_get
                0x08005234       0xd0 ./Drivers/BSP/Components/ism330dhcx/ism330dhcx_reg.o
                0x08005234                ism330dhcx_xl_data_rate_get
 .text.ism330dhcx_gy_full_scale_set
                0x08005304       0x4c ./Drivers/BSP/Components/ism330dhcx/ism330dhcx_reg.o
                0x08005304                ism330dhcx_gy_full_scale_set
 .text.ism330dhcx_gy_full_scale_get
                0x08005350       0xa4 ./Drivers/BSP/Components/ism330dhcx/ism330dhcx_reg.o
                0x08005350                ism330dhcx_gy_full_scale_get
 .text.ism330dhcx_gy_data_rate_set
                0x080053f4      0x2d8 ./Drivers/BSP/Components/ism330dhcx/ism330dhcx_reg.o
                0x080053f4                ism330dhcx_gy_data_rate_set
 .text.ism330dhcx_gy_data_rate_get
                0x080056cc       0xc4 ./Drivers/BSP/Components/ism330dhcx/ism330dhcx_reg.o
                0x080056cc                ism330dhcx_gy_data_rate_get
 .text.ism330dhcx_block_data_update_set
                0x08005790       0x4c ./Drivers/BSP/Components/ism330dhcx/ism330dhcx_reg.o
                0x08005790                ism330dhcx_block_data_update_set
 .text.ism330dhcx_angular_rate_raw_get
                0x080057dc       0x90 ./Drivers/BSP/Components/ism330dhcx/ism330dhcx_reg.o
                0x080057dc                ism330dhcx_angular_rate_raw_get
 .text.ism330dhcx_acceleration_raw_get
                0x0800586c       0x90 ./Drivers/BSP/Components/ism330dhcx/ism330dhcx_reg.o
                0x0800586c                ism330dhcx_acceleration_raw_get
 .text.ism330dhcx_device_conf_set
                0x080058fc       0x4c ./Drivers/BSP/Components/ism330dhcx/ism330dhcx_reg.o
                0x080058fc                ism330dhcx_device_conf_set
 .text.ism330dhcx_mem_bank_set
                0x08005948       0x4c ./Drivers/BSP/Components/ism330dhcx/ism330dhcx_reg.o
                0x08005948                ism330dhcx_mem_bank_set
 .text.ism330dhcx_device_id_get
                0x08005994       0x22 ./Drivers/BSP/Components/ism330dhcx/ism330dhcx_reg.o
                0x08005994                ism330dhcx_device_id_get
 .text.ism330dhcx_reset_set
                0x080059b6       0x4c ./Drivers/BSP/Components/ism330dhcx/ism330dhcx_reg.o
                0x080059b6                ism330dhcx_reset_set
 .text.ism330dhcx_auto_increment_set
                0x08005a02       0x4c ./Drivers/BSP/Components/ism330dhcx/ism330dhcx_reg.o
                0x08005a02                ism330dhcx_auto_increment_set
 .text.ism330dhcx_fifo_mode_set
                0x08005a4e       0x4c ./Drivers/BSP/Components/ism330dhcx/ism330dhcx_reg.o
                0x08005a4e                ism330dhcx_fifo_mode_set
 .text.ism330dhcx_fsm_enable_get
                0x08005a9a       0x58 ./Drivers/BSP/Components/ism330dhcx/ism330dhcx_reg.o
                0x08005a9a                ism330dhcx_fsm_enable_get
 *fill*         0x08005af2        0x2 
 .text.ism330dhcx_fsm_data_rate_get
                0x08005af4       0x90 ./Drivers/BSP/Components/ism330dhcx/ism330dhcx_reg.o
                0x08005af4                ism330dhcx_fsm_data_rate_get
 .text.ism330dhcx_mlc_get
                0x08005b84       0x52 ./Drivers/BSP/Components/ism330dhcx/ism330dhcx_reg.o
                0x08005b84                ism330dhcx_mlc_get
 *fill*         0x08005bd6        0x2 
 .text.ism330dhcx_mlc_data_rate_get
                0x08005bd8       0x90 ./Drivers/BSP/Components/ism330dhcx/ism330dhcx_reg.o
                0x08005bd8                ism330dhcx_mlc_data_rate_get
 .text.IKS02A1_MOTION_SENSOR_Init
                0x08005c68      0x1f8 ./Drivers/BSP/IKS02A1/iks02a1_motion_sensors.o
                0x08005c68                IKS02A1_MOTION_SENSOR_Init
 .text.IKS02A1_MOTION_SENSOR_GetAxes
                0x08005e60       0x88 ./Drivers/BSP/IKS02A1/iks02a1_motion_sensors.o
                0x08005e60                IKS02A1_MOTION_SENSOR_GetAxes
 .text.ISM330DHCX_0_Probe
                0x08005ee8      0x180 ./Drivers/BSP/IKS02A1/iks02a1_motion_sensors.o
 .text.IIS2DLPC_0_Probe
                0x08006068      0x158 ./Drivers/BSP/IKS02A1/iks02a1_motion_sensors.o
 .text.IIS2MDC_0_Probe
                0x080061c0      0x158 ./Drivers/BSP/IKS02A1/iks02a1_motion_sensors.o
 .text.HAL_Init
                0x08006318       0x44 ./Drivers/STM32F4xx_HAL_Driver/Src/stm32f4xx_hal.o
                0x08006318                HAL_Init
 .text.HAL_InitTick
                0x0800635c       0x60 ./Drivers/STM32F4xx_HAL_Driver/Src/stm32f4xx_hal.o
                0x0800635c                HAL_InitTick
 .text.HAL_IncTick
                0x080063bc       0x28 ./Drivers/STM32F4xx_HAL_Driver/Src/stm32f4xx_hal.o
                0x080063bc                HAL_IncTick
 .text.HAL_GetTick
                0x080063e4       0x18 ./Drivers/STM32F4xx_HAL_Driver/Src/stm32f4xx_hal.o
                0x080063e4                HAL_GetTick
 .text.HAL_Delay
                0x080063fc       0x48 ./Drivers/STM32F4xx_HAL_Driver/Src/stm32f4xx_hal.o
                0x080063fc                HAL_Delay
 .text.__NVIC_SetPriorityGrouping
                0x08006444       0x48 ./Drivers/STM32F4xx_HAL_Driver/Src/stm32f4xx_hal_cortex.o
 .text.__NVIC_GetPriorityGrouping
                0x0800648c       0x1c ./Drivers/STM32F4xx_HAL_Driver/Src/stm32f4xx_hal_cortex.o
 .text.__NVIC_EnableIRQ
                0x080064a8       0x3c ./Drivers/STM32F4xx_HAL_Driver/Src/stm32f4xx_hal_cortex.o
 .text.__NVIC_SetPriority
                0x080064e4       0x54 ./Drivers/STM32F4xx_HAL_Driver/Src/stm32f4xx_hal_cortex.o
 .text.NVIC_EncodePriority
                0x08006538       0x66 ./Drivers/STM32F4xx_HAL_Driver/Src/stm32f4xx_hal_cortex.o
 *fill*         0x0800659e        0x2 
 .text.SysTick_Config
                0x080065a0       0x44 ./Drivers/STM32F4xx_HAL_Driver/Src/stm32f4xx_hal_cortex.o
 .text.HAL_NVIC_SetPriorityGrouping
                0x080065e4       0x16 ./Drivers/STM32F4xx_HAL_Driver/Src/stm32f4xx_hal_cortex.o
                0x080065e4                HAL_NVIC_SetPriorityGrouping
 .text.HAL_NVIC_SetPriority
                0x080065fa       0x38 ./Drivers/STM32F4xx_HAL_Driver/Src/stm32f4xx_hal_cortex.o
                0x080065fa                HAL_NVIC_SetPriority
 .text.HAL_NVIC_EnableIRQ
                0x08006632       0x1c ./Drivers/STM32F4xx_HAL_Driver/Src/stm32f4xx_hal_cortex.o
                0x08006632                HAL_NVIC_EnableIRQ
 .text.HAL_SYSTICK_Config
                0x0800664e       0x18 ./Drivers/STM32F4xx_HAL_Driver/Src/stm32f4xx_hal_cortex.o
                0x0800664e                HAL_SYSTICK_Config
 .text.HAL_DMA_Abort
                0x08006666       0xe0 ./Drivers/STM32F4xx_HAL_Driver/Src/stm32f4xx_hal_dma.o
                0x08006666                HAL_DMA_Abort
 .text.HAL_DMA_Abort_IT
                0x08006746       0x44 ./Drivers/STM32F4xx_HAL_Driver/Src/stm32f4xx_hal_dma.o
                0x08006746                HAL_DMA_Abort_IT
 *fill*         0x0800678a        0x2 
 .text.HAL_GPIO_Init
                0x0800678c      0x328 ./Drivers/STM32F4xx_HAL_Driver/Src/stm32f4xx_hal_gpio.o
                0x0800678c                HAL_GPIO_Init
 .text.HAL_GPIO_DeInit
                0x08006ab4      0x1e8 ./Drivers/STM32F4xx_HAL_Driver/Src/stm32f4xx_hal_gpio.o
                0x08006ab4                HAL_GPIO_DeInit
 .text.HAL_GPIO_WritePin
                0x08006c9c       0x32 ./Drivers/STM32F4xx_HAL_Driver/Src/stm32f4xx_hal_gpio.o
                0x08006c9c                HAL_GPIO_WritePin
 *fill*         0x08006cce        0x2 
 .text.HAL_I2C_Init
                0x08006cd0      0x288 ./Drivers/STM32F4xx_HAL_Driver/Src/stm32f4xx_hal_i2c.o
                0x08006cd0                HAL_I2C_Init
 .text.HAL_I2C_DeInit
                0x08006f58       0x5e ./Drivers/STM32F4xx_HAL_Driver/Src/stm32f4xx_hal_i2c.o
                0x08006f58                HAL_I2C_DeInit
 .text.HAL_I2C_MspInit
                0x08006fb6       0x14 ./Drivers/STM32F4xx_HAL_Driver/Src/stm32f4xx_hal_i2c.o
                0x08006fb6                HAL_I2C_MspInit
 .text.HAL_I2C_MspDeInit
                0x08006fca       0x14 ./Drivers/STM32F4xx_HAL_Driver/Src/stm32f4xx_hal_i2c.o
                0x08006fca                HAL_I2C_MspDeInit
 *fill*         0x08006fde        0x2 
 .text.HAL_I2C_Mem_Write
                0x08006fe0      0x1f4 ./Drivers/STM32F4xx_HAL_Driver/Src/stm32f4xx_hal_i2c.o
                0x08006fe0                HAL_I2C_Mem_Write
 .text.HAL_I2C_Mem_Read
                0x080071d4      0x464 ./Drivers/STM32F4xx_HAL_Driver/Src/stm32f4xx_hal_i2c.o
                0x080071d4                HAL_I2C_Mem_Read
 .text.HAL_I2C_GetState
                0x08007638       0x1c ./Drivers/STM32F4xx_HAL_Driver/Src/stm32f4xx_hal_i2c.o
                0x08007638                HAL_I2C_GetState
 .text.HAL_I2C_GetError
                0x08007654       0x18 ./Drivers/STM32F4xx_HAL_Driver/Src/stm32f4xx_hal_i2c.o
                0x08007654                HAL_I2C_GetError
 .text.I2C_RequestMemoryWrite
                0x0800766c      0x12c ./Drivers/STM32F4xx_HAL_Driver/Src/stm32f4xx_hal_i2c.o
 .text.I2C_RequestMemoryRead
                0x08007798      0x1d0 ./Drivers/STM32F4xx_HAL_Driver/Src/stm32f4xx_hal_i2c.o
 .text.I2C_WaitOnFlagUntilTimeout
                0x08007968       0xf4 ./Drivers/STM32F4xx_HAL_Driver/Src/stm32f4xx_hal_i2c.o
 .text.I2C_WaitOnMasterAddressFlagUntilTimeout
                0x08007a5c      0x140 ./Drivers/STM32F4xx_HAL_Driver/Src/stm32f4xx_hal_i2c.o
 .text.I2C_WaitOnTXEFlagUntilTimeout
                0x08007b9c       0x90 ./Drivers/STM32F4xx_HAL_Driver/Src/stm32f4xx_hal_i2c.o
 .text.I2C_WaitOnBTFFlagUntilTimeout
                0x08007c2c       0x90 ./Drivers/STM32F4xx_HAL_Driver/Src/stm32f4xx_hal_i2c.o
 .text.I2C_WaitOnRXNEFlagUntilTimeout
                0x08007cbc       0xba ./Drivers/STM32F4xx_HAL_Driver/Src/stm32f4xx_hal_i2c.o
 .text.I2C_IsAcknowledgeFailed
                0x08007d76       0x5e ./Drivers/STM32F4xx_HAL_Driver/Src/stm32f4xx_hal_i2c.o
 .text.HAL_RCC_ClockConfig
                0x08007dd4      0x1cc ./Drivers/STM32F4xx_HAL_Driver/Src/stm32f4xx_hal_rcc.o
                0x08007dd4                HAL_RCC_ClockConfig
 .text.HAL_RCC_GetHCLKFreq
                0x08007fa0       0x18 ./Drivers/STM32F4xx_HAL_Driver/Src/stm32f4xx_hal_rcc.o
                0x08007fa0                HAL_RCC_GetHCLKFreq
 .text.HAL_RCC_GetPCLK1Freq
                0x08007fb8       0x28 ./Drivers/STM32F4xx_HAL_Driver/Src/stm32f4xx_hal_rcc.o
                0x08007fb8                HAL_RCC_GetPCLK1Freq
 .text.HAL_RCC_GetPCLK2Freq
                0x08007fe0       0x28 ./Drivers/STM32F4xx_HAL_Driver/Src/stm32f4xx_hal_rcc.o
                0x08007fe0                HAL_RCC_GetPCLK2Freq
 .text.HAL_RCC_GetSysClockFreq
                0x08008008      0x460 ./Drivers/STM32F4xx_HAL_Driver/Src/stm32f4xx_hal_rcc_ex.o
                0x08008008                HAL_RCC_GetSysClockFreq
 .text.HAL_RCC_OscConfig
                0x08008468      0x53c ./Drivers/STM32F4xx_HAL_Driver/Src/stm32f4xx_hal_rcc_ex.o
                0x08008468                HAL_RCC_OscConfig
 .text.HAL_UART_Init
                0x080089a4       0xa0 ./Drivers/STM32F4xx_HAL_Driver/Src/stm32f4xx_hal_uart.o
                0x080089a4                HAL_UART_Init
 .text.HAL_UART_Transmit
                0x08008a44      0x116 ./Drivers/STM32F4xx_HAL_Driver/Src/stm32f4xx_hal_uart.o
                0x08008a44                HAL_UART_Transmit
 .text.HAL_UART_Transmit_IT
                0x08008b5a       0x6c ./Drivers/STM32F4xx_HAL_Driver/Src/stm32f4xx_hal_uart.o
                0x08008b5a                HAL_UART_Transmit_IT
 *fill*         0x08008bc6        0x2 
 .text.HAL_UART_IRQHandler
                0x08008bc8      0x524 ./Drivers/STM32F4xx_HAL_Driver/Src/stm32f4xx_hal_uart.o
                0x08008bc8                HAL_UART_IRQHandler
 .text.HAL_UART_RxCpltCallback
                0x080090ec       0x14 ./Drivers/STM32F4xx_HAL_Driver/Src/stm32f4xx_hal_uart.o
                0x080090ec                HAL_UART_RxCpltCallback
 .text.HAL_UART_ErrorCallback
                0x08009100       0x14 ./Drivers/STM32F4xx_HAL_Driver/Src/stm32f4xx_hal_uart.o
                0x08009100                HAL_UART_ErrorCallback
 .text.HAL_UARTEx_RxEventCallback
                0x08009114       0x18 ./Drivers/STM32F4xx_HAL_Driver/Src/stm32f4xx_hal_uart.o
                0x08009114                HAL_UARTEx_RxEventCallback
 .text.UART_WaitOnFlagUntilTimeout
                0x0800912c       0xb2 ./Drivers/STM32F4xx_HAL_Driver/Src/stm32f4xx_hal_uart.o
 .text.UART_EndRxTransfer
                0x080091de       0xc6 ./Drivers/STM32F4xx_HAL_Driver/Src/stm32f4xx_hal_uart.o
 .text.UART_DMAAbortOnError
                0x080092a4       0x28 ./Drivers/STM32F4xx_HAL_Driver/Src/stm32f4xx_hal_uart.o
 .text.UART_Transmit_IT
                0x080092cc       0xa0 ./Drivers/STM32F4xx_HAL_Driver/Src/stm32f4xx_hal_uart.o
 .text.UART_EndTransmit_IT
                0x0800936c       0x30 ./Drivers/STM32F4xx_HAL_Driver/Src/stm32f4xx_hal_uart.o
 .text.UART_Receive_IT
                0x0800939c      0x17c ./Drivers/STM32F4xx_HAL_Driver/Src/stm32f4xx_hal_uart.o
 .text.UART_SetConfig
                0x08009518      0x4e8 ./Drivers/STM32F4xx_HAL_Driver/Src/stm32f4xx_hal_uart.o
 .text.__cvt    0x08009a00       0xca C:/ST/STM32CubeIDE_1.19.0/STM32CubeIDE/plugins/com.st.stm32cube.ide.mcu.externaltools.gnu-tools-for-stm32.13.3.rel1.win32_1.0.0.202411081344/tools/bin/../lib/gcc/arm-none-eabi/13.3.1/../../../../arm-none-eabi/lib/thumb/v7e-m+fp/hard\libc_nano.a(libc_a-nano-vfprintf_float.o)
                0x08009a00                __cvt
 .text.__exponent
                0x08009aca       0x74 C:/ST/STM32CubeIDE_1.19.0/STM32CubeIDE/plugins/com.st.stm32cube.ide.mcu.externaltools.gnu-tools-for-stm32.13.3.rel1.win32_1.0.0.202411081344/tools/bin/../lib/gcc/arm-none-eabi/13.3.1/../../../../arm-none-eabi/lib/thumb/v7e-m+fp/hard\libc_nano.a(libc_a-nano-vfprintf_float.o)
                0x08009aca                __exponent
 *fill*         0x08009b3e        0x2 
 .text._printf_float
                0x08009b40      0x454 C:/ST/STM32CubeIDE_1.19.0/STM32CubeIDE/plugins/com.st.stm32cube.ide.mcu.externaltools.gnu-tools-for-stm32.13.3.rel1.win32_1.0.0.202411081344/tools/bin/../lib/gcc/arm-none-eabi/13.3.1/../../../../arm-none-eabi/lib/thumb/v7e-m+fp/hard\libc_nano.a(libc_a-nano-vfprintf_float.o)
                0x08009b40                _printf_float
 .text._printf_common
                0x08009f94       0xda C:/ST/STM32CubeIDE_1.19.0/STM32CubeIDE/plugins/com.st.stm32cube.ide.mcu.externaltools.gnu-tools-for-stm32.13.3.rel1.win32_1.0.0.202411081344/tools/bin/../lib/gcc/arm-none-eabi/13.3.1/../../../../arm-none-eabi/lib/thumb/v7e-m+fp/hard\libc_nano.a(libc_a-nano-vfprintf_i.o)
                0x08009f94                _printf_common
 *fill*         0x0800a06e        0x2 
 .text._printf_i
                0x0800a070      0x23c C:/ST/STM32CubeIDE_1.19.0/STM32CubeIDE/plugins/com.st.stm32cube.ide.mcu.externaltools.gnu-tools-for-stm32.13.3.rel1.win32_1.0.0.202411081344/tools/bin/../lib/gcc/arm-none-eabi/13.3.1/../../../../arm-none-eabi/lib/thumb/v7e-m+fp/hard\libc_nano.a(libc_a-nano-vfprintf_i.o)
                0x0800a070                _printf_i
 .text._scanf_float
                0x0800a2ac      0x41c C:/ST/STM32CubeIDE_1.19.0/STM32CubeIDE/plugins/com.st.stm32cube.ide.mcu.externaltools.gnu-tools-for-stm32.13.3.rel1.win32_1.0.0.202411081344/tools/bin/../lib/gcc/arm-none-eabi/13.3.1/../../../../arm-none-eabi/lib/thumb/v7e-m+fp/hard\libc_nano.a(libc_a-nano-vfscanf_float.o)
                0x0800a2ac                _scanf_float
 .text.std      0x0800a6c8       0x6c C:/ST/STM32CubeIDE_1.19.0/STM32CubeIDE/plugins/com.st.stm32cube.ide.mcu.externaltools.gnu-tools-for-stm32.13.3.rel1.win32_1.0.0.202411081344/tools/bin/../lib/gcc/arm-none-eabi/13.3.1/../../../../arm-none-eabi/lib/thumb/v7e-m+fp/hard\libc_nano.a(libc_a-findfp.o)
 .text.stdio_exit_handler
                0x0800a734       0x18 C:/ST/STM32CubeIDE_1.19.0/STM32CubeIDE/plugins/com.st.stm32cube.ide.mcu.externaltools.gnu-tools-for-stm32.13.3.rel1.win32_1.0.0.202411081344/tools/bin/../lib/gcc/arm-none-eabi/13.3.1/../../../../arm-none-eabi/lib/thumb/v7e-m+fp/hard\libc_nano.a(libc_a-findfp.o)
 .text.cleanup_stdio
                0x0800a74c       0x40 C:/ST/STM32CubeIDE_1.19.0/STM32CubeIDE/plugins/com.st.stm32cube.ide.mcu.externaltools.gnu-tools-for-stm32.13.3.rel1.win32_1.0.0.202411081344/tools/bin/../lib/gcc/arm-none-eabi/13.3.1/../../../../arm-none-eabi/lib/thumb/v7e-m+fp/hard\libc_nano.a(libc_a-findfp.o)
 .text.global_stdio_init.part.0
                0x0800a78c       0x3c C:/ST/STM32CubeIDE_1.19.0/STM32CubeIDE/plugins/com.st.stm32cube.ide.mcu.externaltools.gnu-tools-for-stm32.13.3.rel1.win32_1.0.0.202411081344/tools/bin/../lib/gcc/arm-none-eabi/13.3.1/../../../../arm-none-eabi/lib/thumb/v7e-m+fp/hard\libc_nano.a(libc_a-findfp.o)
 .text.__sfp_lock_acquire
                0x0800a7c8        0xc C:/ST/STM32CubeIDE_1.19.0/STM32CubeIDE/plugins/com.st.stm32cube.ide.mcu.externaltools.gnu-tools-for-stm32.13.3.rel1.win32_1.0.0.202411081344/tools/bin/../lib/gcc/arm-none-eabi/13.3.1/../../../../arm-none-eabi/lib/thumb/v7e-m+fp/hard\libc_nano.a(libc_a-findfp.o)
                0x0800a7c8                __sfp_lock_acquire
 .text.__sfp_lock_release
                0x0800a7d4        0xc C:/ST/STM32CubeIDE_1.19.0/STM32CubeIDE/plugins/com.st.stm32cube.ide.mcu.externaltools.gnu-tools-for-stm32.13.3.rel1.win32_1.0.0.202411081344/tools/bin/../lib/gcc/arm-none-eabi/13.3.1/../../../../arm-none-eabi/lib/thumb/v7e-m+fp/hard\libc_nano.a(libc_a-findfp.o)
                0x0800a7d4                __sfp_lock_release
 .text.__sinit  0x0800a7e0       0x30 C:/ST/STM32CubeIDE_1.19.0/STM32CubeIDE/plugins/com.st.stm32cube.ide.mcu.externaltools.gnu-tools-for-stm32.13.3.rel1.win32_1.0.0.202411081344/tools/bin/../lib/gcc/arm-none-eabi/13.3.1/../../../../arm-none-eabi/lib/thumb/v7e-m+fp/hard\libc_nano.a(libc_a-findfp.o)
                0x0800a7e0                __sinit
 .text._fwalk_sglue
                0x0800a810       0x3c C:/ST/STM32CubeIDE_1.19.0/STM32CubeIDE/plugins/com.st.stm32cube.ide.mcu.externaltools.gnu-tools-for-stm32.13.3.rel1.win32_1.0.0.202411081344/tools/bin/../lib/gcc/arm-none-eabi/13.3.1/../../../../arm-none-eabi/lib/thumb/v7e-m+fp/hard\libc_nano.a(libc_a-fwalk.o)
                0x0800a810                _fwalk_sglue
 .text.snprintf
                0x0800a84c       0x6c C:/ST/STM32CubeIDE_1.19.0/STM32CubeIDE/plugins/com.st.stm32cube.ide.mcu.externaltools.gnu-tools-for-stm32.13.3.rel1.win32_1.0.0.202411081344/tools/bin/../lib/gcc/arm-none-eabi/13.3.1/../../../../arm-none-eabi/lib/thumb/v7e-m+fp/hard\libc_nano.a(libc_a-snprintf.o)
                0x0800a84c                sniprintf
                0x0800a84c                snprintf
 .text.sprintf  0x0800a8b8       0x44 C:/ST/STM32CubeIDE_1.19.0/STM32CubeIDE/plugins/com.st.stm32cube.ide.mcu.externaltools.gnu-tools-for-stm32.13.3.rel1.win32_1.0.0.202411081344/tools/bin/../lib/gcc/arm-none-eabi/13.3.1/../../../../arm-none-eabi/lib/thumb/v7e-m+fp/hard\libc_nano.a(libc_a-sprintf.o)
                0x0800a8b8                siprintf
                0x0800a8b8                sprintf
 .text.__sread  0x0800a8fc       0x22 C:/ST/STM32CubeIDE_1.19.0/STM32CubeIDE/plugins/com.st.stm32cube.ide.mcu.externaltools.gnu-tools-for-stm32.13.3.rel1.win32_1.0.0.202411081344/tools/bin/../lib/gcc/arm-none-eabi/13.3.1/../../../../arm-none-eabi/lib/thumb/v7e-m+fp/hard\libc_nano.a(libc_a-stdio.o)
                0x0800a8fc                __sread
 .text.__swrite
                0x0800a91e       0x38 C:/ST/STM32CubeIDE_1.19.0/STM32CubeIDE/plugins/com.st.stm32cube.ide.mcu.externaltools.gnu-tools-for-stm32.13.3.rel1.win32_1.0.0.202411081344/tools/bin/../lib/gcc/arm-none-eabi/13.3.1/../../../../arm-none-eabi/lib/thumb/v7e-m+fp/hard\libc_nano.a(libc_a-stdio.o)
                0x0800a91e                __swrite
 .text.__sseek  0x0800a956       0x24 C:/ST/STM32CubeIDE_1.19.0/STM32CubeIDE/plugins/com.st.stm32cube.ide.mcu.externaltools.gnu-tools-for-stm32.13.3.rel1.win32_1.0.0.202411081344/tools/bin/../lib/gcc/arm-none-eabi/13.3.1/../../../../arm-none-eabi/lib/thumb/v7e-m+fp/hard\libc_nano.a(libc_a-stdio.o)
                0x0800a956                __sseek
 .text.__sclose
                0x0800a97a        0x8 C:/ST/STM32CubeIDE_1.19.0/STM32CubeIDE/plugins/com.st.stm32cube.ide.mcu.externaltools.gnu-tools-for-stm32.13.3.rel1.win32_1.0.0.202411081344/tools/bin/../lib/gcc/arm-none-eabi/13.3.1/../../../../arm-none-eabi/lib/thumb/v7e-m+fp/hard\libc_nano.a(libc_a-stdio.o)
                0x0800a97a                __sclose
 .text.memset   0x0800a982       0x10 C:/ST/STM32CubeIDE_1.19.0/STM32CubeIDE/plugins/com.st.stm32cube.ide.mcu.externaltools.gnu-tools-for-stm32.13.3.rel1.win32_1.0.0.202411081344/tools/bin/../lib/gcc/arm-none-eabi/13.3.1/../../../../arm-none-eabi/lib/thumb/v7e-m+fp/hard\libc_nano.a(libc_a-memset.o)
                0x0800a982                memset
 *fill*         0x0800a992        0x2 
 .text._localeconv_r
                0x0800a994        0x8 C:/ST/STM32CubeIDE_1.19.0/STM32CubeIDE/plugins/com.st.stm32cube.ide.mcu.externaltools.gnu-tools-for-stm32.13.3.rel1.win32_1.0.0.202411081344/tools/bin/../lib/gcc/arm-none-eabi/13.3.1/../../../../arm-none-eabi/lib/thumb/v7e-m+fp/hard\libc_nano.a(libc_a-localeconv.o)
                0x0800a994                _localeconv_r
 .text._close_r
                0x0800a99c       0x20 C:/ST/STM32CubeIDE_1.19.0/STM32CubeIDE/plugins/com.st.stm32cube.ide.mcu.externaltools.gnu-tools-for-stm32.13.3.rel1.win32_1.0.0.202411081344/tools/bin/../lib/gcc/arm-none-eabi/13.3.1/../../../../arm-none-eabi/lib/thumb/v7e-m+fp/hard\libc_nano.a(libc_a-closer.o)
                0x0800a99c                _close_r
 .text._lseek_r
                0x0800a9bc       0x24 C:/ST/STM32CubeIDE_1.19.0/STM32CubeIDE/plugins/com.st.stm32cube.ide.mcu.externaltools.gnu-tools-for-stm32.13.3.rel1.win32_1.0.0.202411081344/tools/bin/../lib/gcc/arm-none-eabi/13.3.1/../../../../arm-none-eabi/lib/thumb/v7e-m+fp/hard\libc_nano.a(libc_a-lseekr.o)
                0x0800a9bc                _lseek_r
 .text._read_r  0x0800a9e0       0x24 C:/ST/STM32CubeIDE_1.19.0/STM32CubeIDE/plugins/com.st.stm32cube.ide.mcu.externaltools.gnu-tools-for-stm32.13.3.rel1.win32_1.0.0.202411081344/tools/bin/../lib/gcc/arm-none-eabi/13.3.1/../../../../arm-none-eabi/lib/thumb/v7e-m+fp/hard\libc_nano.a(libc_a-readr.o)
                0x0800a9e0                _read_r
 .text._write_r
                0x0800aa04       0x24 C:/ST/STM32CubeIDE_1.19.0/STM32CubeIDE/plugins/com.st.stm32cube.ide.mcu.externaltools.gnu-tools-for-stm32.13.3.rel1.win32_1.0.0.202411081344/tools/bin/../lib/gcc/arm-none-eabi/13.3.1/../../../../arm-none-eabi/lib/thumb/v7e-m+fp/hard\libc_nano.a(libc_a-writer.o)
                0x0800aa04                _write_r
 .text.__errno  0x0800aa28        0xc C:/ST/STM32CubeIDE_1.19.0/STM32CubeIDE/plugins/com.st.stm32cube.ide.mcu.externaltools.gnu-tools-for-stm32.13.3.rel1.win32_1.0.0.202411081344/tools/bin/../lib/gcc/arm-none-eabi/13.3.1/../../../../arm-none-eabi/lib/thumb/v7e-m+fp/hard\libc_nano.a(libc_a-errno.o)
                0x0800aa28                __errno
 .text.__libc_init_array
                0x0800aa34       0x48 C:/ST/STM32CubeIDE_1.19.0/STM32CubeIDE/plugins/com.st.stm32cube.ide.mcu.externaltools.gnu-tools-for-stm32.13.3.rel1.win32_1.0.0.202411081344/tools/bin/../lib/gcc/arm-none-eabi/13.3.1/../../../../arm-none-eabi/lib/thumb/v7e-m+fp/hard\libc_nano.a(libc_a-init.o)
                0x0800aa34                __libc_init_array
 .text.__retarget_lock_init_recursive
                0x0800aa7c        0x2 C:/ST/STM32CubeIDE_1.19.0/STM32CubeIDE/plugins/com.st.stm32cube.ide.mcu.externaltools.gnu-tools-for-stm32.13.3.rel1.win32_1.0.0.202411081344/tools/bin/../lib/gcc/arm-none-eabi/13.3.1/../../../../arm-none-eabi/lib/thumb/v7e-m+fp/hard\libc_nano.a(libc_a-lock.o)
                0x0800aa7c                __retarget_lock_init_recursive
 .text.__retarget_lock_acquire_recursive
                0x0800aa7e        0x2 C:/ST/STM32CubeIDE_1.19.0/STM32CubeIDE/plugins/com.st.stm32cube.ide.mcu.externaltools.gnu-tools-for-stm32.13.3.rel1.win32_1.0.0.202411081344/tools/bin/../lib/gcc/arm-none-eabi/13.3.1/../../../../arm-none-eabi/lib/thumb/v7e-m+fp/hard\libc_nano.a(libc_a-lock.o)
                0x0800aa7e                __retarget_lock_acquire_recursive
 .text.__retarget_lock_release_recursive
                0x0800aa80        0x2 C:/ST/STM32CubeIDE_1.19.0/STM32CubeIDE/plugins/com.st.stm32cube.ide.mcu.externaltools.gnu-tools-for-stm32.13.3.rel1.win32_1.0.0.202411081344/tools/bin/../lib/gcc/arm-none-eabi/13.3.1/../../../../arm-none-eabi/lib/thumb/v7e-m+fp/hard\libc_nano.a(libc_a-lock.o)
                0x0800aa80                __retarget_lock_release_recursive
 *fill*         0x0800aa82        0x2 
 .text.nanf     0x0800aa84        0xc C:/ST/STM32CubeIDE_1.19.0/STM32CubeIDE/plugins/com.st.stm32cube.ide.mcu.externaltools.gnu-tools-for-stm32.13.3.rel1.win32_1.0.0.202411081344/tools/bin/../lib/gcc/arm-none-eabi/13.3.1/../../../../arm-none-eabi/lib/thumb/v7e-m+fp/hard\libc_nano.a(libm_a-sf_nan.o)
                0x0800aa84                nanf
 .text.quorem   0x0800aa90      0x110 C:/ST/STM32CubeIDE_1.19.0/STM32CubeIDE/plugins/com.st.stm32cube.ide.mcu.externaltools.gnu-tools-for-stm32.13.3.rel1.win32_1.0.0.202411081344/tools/bin/../lib/gcc/arm-none-eabi/13.3.1/../../../../arm-none-eabi/lib/thumb/v7e-m+fp/hard\libc_nano.a(libc_a-dtoa.o)
 .text._dtoa_r  0x0800aba0      0xba0 C:/ST/STM32CubeIDE_1.19.0/STM32CubeIDE/plugins/com.st.stm32cube.ide.mcu.externaltools.gnu-tools-for-stm32.13.3.rel1.win32_1.0.0.202411081344/tools/bin/../lib/gcc/arm-none-eabi/13.3.1/../../../../arm-none-eabi/lib/thumb/v7e-m+fp/hard\libc_nano.a(libc_a-dtoa.o)
                0x0800aba0                _dtoa_r
 .text._free_r  0x0800b740       0x94 C:/ST/STM32CubeIDE_1.19.0/STM32CubeIDE/plugins/com.st.stm32cube.ide.mcu.externaltools.gnu-tools-for-stm32.13.3.rel1.win32_1.0.0.202411081344/tools/bin/../lib/gcc/arm-none-eabi/13.3.1/../../../../arm-none-eabi/lib/thumb/v7e-m+fp/hard\libc_nano.a(libc_a-freer.o)
                0x0800b740                _free_r
 .text.malloc   0x0800b7d4       0x10 C:/ST/STM32CubeIDE_1.19.0/STM32CubeIDE/plugins/com.st.stm32cube.ide.mcu.externaltools.gnu-tools-for-stm32.13.3.rel1.win32_1.0.0.202411081344/tools/bin/../lib/gcc/arm-none-eabi/13.3.1/../../../../arm-none-eabi/lib/thumb/v7e-m+fp/hard\libc_nano.a(libc_a-malloc.o)
                0x0800b7d4                malloc
 .text.sbrk_aligned
                0x0800b7e4       0x44 C:/ST/STM32CubeIDE_1.19.0/STM32CubeIDE/plugins/com.st.stm32cube.ide.mcu.externaltools.gnu-tools-for-stm32.13.3.rel1.win32_1.0.0.202411081344/tools/bin/../lib/gcc/arm-none-eabi/13.3.1/../../../../arm-none-eabi/lib/thumb/v7e-m+fp/hard\libc_nano.a(libc_a-mallocr.o)
 .text._malloc_r
                0x0800b828      0x100 C:/ST/STM32CubeIDE_1.19.0/STM32CubeIDE/plugins/com.st.stm32cube.ide.mcu.externaltools.gnu-tools-for-stm32.13.3.rel1.win32_1.0.0.202411081344/tools/bin/../lib/gcc/arm-none-eabi/13.3.1/../../../../arm-none-eabi/lib/thumb/v7e-m+fp/hard\libc_nano.a(libc_a-mallocr.o)
                0x0800b828                _malloc_r
 .text.__malloc_lock
                0x0800b928        0xc C:/ST/STM32CubeIDE_1.19.0/STM32CubeIDE/plugins/com.st.stm32cube.ide.mcu.externaltools.gnu-tools-for-stm32.13.3.rel1.win32_1.0.0.202411081344/tools/bin/../lib/gcc/arm-none-eabi/13.3.1/../../../../arm-none-eabi/lib/thumb/v7e-m+fp/hard\libc_nano.a(libc_a-mlock.o)
                0x0800b928                __malloc_lock
 .text.__malloc_unlock
                0x0800b934        0xc C:/ST/STM32CubeIDE_1.19.0/STM32CubeIDE/plugins/com.st.stm32cube.ide.mcu.externaltools.gnu-tools-for-stm32.13.3.rel1.win32_1.0.0.202411081344/tools/bin/../lib/gcc/arm-none-eabi/13.3.1/../../../../arm-none-eabi/lib/thumb/v7e-m+fp/hard\libc_nano.a(libc_a-mlock.o)
                0x0800b934                __malloc_unlock
 .text._Balloc  0x0800b940       0x80 C:/ST/STM32CubeIDE_1.19.0/STM32CubeIDE/plugins/com.st.stm32cube.ide.mcu.externaltools.gnu-tools-for-stm32.13.3.rel1.win32_1.0.0.202411081344/tools/bin/../lib/gcc/arm-none-eabi/13.3.1/../../../../arm-none-eabi/lib/thumb/v7e-m+fp/hard\libc_nano.a(libc_a-mprec.o)
                0x0800b940                _Balloc
 .text._Bfree   0x0800b9c0       0x44 C:/ST/STM32CubeIDE_1.19.0/STM32CubeIDE/plugins/com.st.stm32cube.ide.mcu.externaltools.gnu-tools-for-stm32.13.3.rel1.win32_1.0.0.202411081344/tools/bin/../lib/gcc/arm-none-eabi/13.3.1/../../../../arm-none-eabi/lib/thumb/v7e-m+fp/hard\libc_nano.a(libc_a-mprec.o)
                0x0800b9c0                _Bfree
 .text.__multadd
                0x0800ba04       0x8c C:/ST/STM32CubeIDE_1.19.0/STM32CubeIDE/plugins/com.st.stm32cube.ide.mcu.externaltools.gnu-tools-for-stm32.13.3.rel1.win32_1.0.0.202411081344/tools/bin/../lib/gcc/arm-none-eabi/13.3.1/../../../../arm-none-eabi/lib/thumb/v7e-m+fp/hard\libc_nano.a(libc_a-mprec.o)
                0x0800ba04                __multadd
 .text.__s2b    0x0800ba90       0x94 C:/ST/STM32CubeIDE_1.19.0/STM32CubeIDE/plugins/com.st.stm32cube.ide.mcu.externaltools.gnu-tools-for-stm32.13.3.rel1.win32_1.0.0.202411081344/tools/bin/../lib/gcc/arm-none-eabi/13.3.1/../../../../arm-none-eabi/lib/thumb/v7e-m+fp/hard\libc_nano.a(libc_a-mprec.o)
                0x0800ba90                __s2b
 .text.__hi0bits
                0x0800bb24       0x3e C:/ST/STM32CubeIDE_1.19.0/STM32CubeIDE/plugins/com.st.stm32cube.ide.mcu.externaltools.gnu-tools-for-stm32.13.3.rel1.win32_1.0.0.202411081344/tools/bin/../lib/gcc/arm-none-eabi/13.3.1/../../../../arm-none-eabi/lib/thumb/v7e-m+fp/hard\libc_nano.a(libc_a-mprec.o)
                0x0800bb24                __hi0bits
 .text.__lo0bits
                0x0800bb62       0x5a C:/ST/STM32CubeIDE_1.19.0/STM32CubeIDE/plugins/com.st.stm32cube.ide.mcu.externaltools.gnu-tools-for-stm32.13.3.rel1.win32_1.0.0.202411081344/tools/bin/../lib/gcc/arm-none-eabi/13.3.1/../../../../arm-none-eabi/lib/thumb/v7e-m+fp/hard\libc_nano.a(libc_a-mprec.o)
                0x0800bb62                __lo0bits
 .text.__i2b    0x0800bbbc       0x2c C:/ST/STM32CubeIDE_1.19.0/STM32CubeIDE/plugins/com.st.stm32cube.ide.mcu.externaltools.gnu-tools-for-stm32.13.3.rel1.win32_1.0.0.202411081344/tools/bin/../lib/gcc/arm-none-eabi/13.3.1/../../../../arm-none-eabi/lib/thumb/v7e-m+fp/hard\libc_nano.a(libc_a-mprec.o)
                0x0800bbbc                __i2b
 .text.__multiply
                0x0800bbe8      0x144 C:/ST/STM32CubeIDE_1.19.0/STM32CubeIDE/plugins/com.st.stm32cube.ide.mcu.externaltools.gnu-tools-for-stm32.13.3.rel1.win32_1.0.0.202411081344/tools/bin/../lib/gcc/arm-none-eabi/13.3.1/../../../../arm-none-eabi/lib/thumb/v7e-m+fp/hard\libc_nano.a(libc_a-mprec.o)
                0x0800bbe8                __multiply
 .text.__pow5mult
                0x0800bd2c       0xb4 C:/ST/STM32CubeIDE_1.19.0/STM32CubeIDE/plugins/com.st.stm32cube.ide.mcu.externaltools.gnu-tools-for-stm32.13.3.rel1.win32_1.0.0.202411081344/tools/bin/../lib/gcc/arm-none-eabi/13.3.1/../../../../arm-none-eabi/lib/thumb/v7e-m+fp/hard\libc_nano.a(libc_a-mprec.o)
                0x0800bd2c                __pow5mult
 .text.__lshift
                0x0800bde0       0xd8 C:/ST/STM32CubeIDE_1.19.0/STM32CubeIDE/plugins/com.st.stm32cube.ide.mcu.externaltools.gnu-tools-for-stm32.13.3.rel1.win32_1.0.0.202411081344/tools/bin/../lib/gcc/arm-none-eabi/13.3.1/../../../../arm-none-eabi/lib/thumb/v7e-m+fp/hard\libc_nano.a(libc_a-mprec.o)
                0x0800bde0                __lshift
 .text.__mcmp   0x0800beb8       0x36 C:/ST/STM32CubeIDE_1.19.0/STM32CubeIDE/plugins/com.st.stm32cube.ide.mcu.externaltools.gnu-tools-for-stm32.13.3.rel1.win32_1.0.0.202411081344/tools/bin/../lib/gcc/arm-none-eabi/13.3.1/../../../../arm-none-eabi/lib/thumb/v7e-m+fp/hard\libc_nano.a(libc_a-mprec.o)
                0x0800beb8                __mcmp
 *fill*         0x0800beee        0x2 
 .text.__mdiff  0x0800bef0      0x128 C:/ST/STM32CubeIDE_1.19.0/STM32CubeIDE/plugins/com.st.stm32cube.ide.mcu.externaltools.gnu-tools-for-stm32.13.3.rel1.win32_1.0.0.202411081344/tools/bin/../lib/gcc/arm-none-eabi/13.3.1/../../../../arm-none-eabi/lib/thumb/v7e-m+fp/hard\libc_nano.a(libc_a-mprec.o)
                0x0800bef0                __mdiff
 .text.__ulp    0x0800c018       0x4c C:/ST/STM32CubeIDE_1.19.0/STM32CubeIDE/plugins/com.st.stm32cube.ide.mcu.externaltools.gnu-tools-for-stm32.13.3.rel1.win32_1.0.0.202411081344/tools/bin/../lib/gcc/arm-none-eabi/13.3.1/../../../../arm-none-eabi/lib/thumb/v7e-m+fp/hard\libc_nano.a(libc_a-mprec.o)
                0x0800c018                __ulp
 .text.__b2d    0x0800c064       0x94 C:/ST/STM32CubeIDE_1.19.0/STM32CubeIDE/plugins/com.st.stm32cube.ide.mcu.externaltools.gnu-tools-for-stm32.13.3.rel1.win32_1.0.0.202411081344/tools/bin/../lib/gcc/arm-none-eabi/13.3.1/../../../../arm-none-eabi/lib/thumb/v7e-m+fp/hard\libc_nano.a(libc_a-mprec.o)
                0x0800c064                __b2d
 .text.__d2b    0x0800c0f8       0xb0 C:/ST/STM32CubeIDE_1.19.0/STM32CubeIDE/plugins/com.st.stm32cube.ide.mcu.externaltools.gnu-tools-for-stm32.13.3.rel1.win32_1.0.0.202411081344/tools/bin/../lib/gcc/arm-none-eabi/13.3.1/../../../../arm-none-eabi/lib/thumb/v7e-m+fp/hard\libc_nano.a(libc_a-mprec.o)
                0x0800c0f8                __d2b
 .text.__ratio  0x0800c1a8       0x64 C:/ST/STM32CubeIDE_1.19.0/STM32CubeIDE/plugins/com.st.stm32cube.ide.mcu.externaltools.gnu-tools-for-stm32.13.3.rel1.win32_1.0.0.202411081344/tools/bin/../lib/gcc/arm-none-eabi/13.3.1/../../../../arm-none-eabi/lib/thumb/v7e-m+fp/hard\libc_nano.a(libc_a-mprec.o)
                0x0800c1a8                __ratio
 .text.__copybits
                0x0800c20c       0x46 C:/ST/STM32CubeIDE_1.19.0/STM32CubeIDE/plugins/com.st.stm32cube.ide.mcu.externaltools.gnu-tools-for-stm32.13.3.rel1.win32_1.0.0.202411081344/tools/bin/../lib/gcc/arm-none-eabi/13.3.1/../../../../arm-none-eabi/lib/thumb/v7e-m+fp/hard\libc_nano.a(libc_a-mprec.o)
                0x0800c20c                __copybits
 .text.__any_on
                0x0800c252       0x42 C:/ST/STM32CubeIDE_1.19.0/STM32CubeIDE/plugins/com.st.stm32cube.ide.mcu.externaltools.gnu-tools-for-stm32.13.3.rel1.win32_1.0.0.202411081344/tools/bin/../lib/gcc/arm-none-eabi/13.3.1/../../../../arm-none-eabi/lib/thumb/v7e-m+fp/hard\libc_nano.a(libc_a-mprec.o)
                0x0800c252                __any_on
 .text.sulp     0x0800c294       0x3c C:/ST/STM32CubeIDE_1.19.0/STM32CubeIDE/plugins/com.st.stm32cube.ide.mcu.externaltools.gnu-tools-for-stm32.13.3.rel1.win32_1.0.0.202411081344/tools/bin/../lib/gcc/arm-none-eabi/13.3.1/../../../../arm-none-eabi/lib/thumb/v7e-m+fp/hard\libc_nano.a(libc_a-strtod.o)
 .text._strtod_l
                0x0800c2d0      0xbc8 C:/ST/STM32CubeIDE_1.19.0/STM32CubeIDE/plugins/com.st.stm32cube.ide.mcu.externaltools.gnu-tools-for-stm32.13.3.rel1.win32_1.0.0.202411081344/tools/bin/../lib/gcc/arm-none-eabi/13.3.1/../../../../arm-none-eabi/lib/thumb/v7e-m+fp/hard\libc_nano.a(libc_a-strtod.o)
                0x0800c2d0                _strtod_l
 .text._strtod_r
                0x0800ce98        0xc C:/ST/STM32CubeIDE_1.19.0/STM32CubeIDE/plugins/com.st.stm32cube.ide.mcu.externaltools.gnu-tools-for-stm32.13.3.rel1.win32_1.0.0.202411081344/tools/bin/../lib/gcc/arm-none-eabi/13.3.1/../../../../arm-none-eabi/lib/thumb/v7e-m+fp/hard\libc_nano.a(libc_a-strtod.o)
                0x0800ce98                _strtod_r
 .text._strtol_l.isra.0
                0x0800cea4       0xf4 C:/ST/STM32CubeIDE_1.19.0/STM32CubeIDE/plugins/com.st.stm32cube.ide.mcu.externaltools.gnu-tools-for-stm32.13.3.rel1.win32_1.0.0.202411081344/tools/bin/../lib/gcc/arm-none-eabi/13.3.1/../../../../arm-none-eabi/lib/thumb/v7e-m+fp/hard\libc_nano.a(libc_a-strtol.o)
 .text._strtol_r
                0x0800cf98        0x4 C:/ST/STM32CubeIDE_1.19.0/STM32CubeIDE/plugins/com.st.stm32cube.ide.mcu.externaltools.gnu-tools-for-stm32.13.3.rel1.win32_1.0.0.202411081344/tools/bin/../lib/gcc/arm-none-eabi/13.3.1/../../../../arm-none-eabi/lib/thumb/v7e-m+fp/hard\libc_nano.a(libc_a-strtol.o)
                0x0800cf98                _strtol_r
 .text.__ssputs_r
                0x0800cf9c       0xb6 C:/ST/STM32CubeIDE_1.19.0/STM32CubeIDE/plugins/com.st.stm32cube.ide.mcu.externaltools.gnu-tools-for-stm32.13.3.rel1.win32_1.0.0.202411081344/tools/bin/../lib/gcc/arm-none-eabi/13.3.1/../../../../arm-none-eabi/lib/thumb/v7e-m+fp/hard\libc_nano.a(libc_a-nano-svfprintf.o)
                0x0800cf9c                __ssputs_r
 *fill*         0x0800d052        0x2 
 .text._svfprintf_r
                0x0800d054      0x1f8 C:/ST/STM32CubeIDE_1.19.0/STM32CubeIDE/plugins/com.st.stm32cube.ide.mcu.externaltools.gnu-tools-for-stm32.13.3.rel1.win32_1.0.0.202411081344/tools/bin/../lib/gcc/arm-none-eabi/13.3.1/../../../../arm-none-eabi/lib/thumb/v7e-m+fp/hard\libc_nano.a(libc_a-nano-svfprintf.o)
                0x0800d054                _svfiprintf_r
                0x0800d054                _svfprintf_r
 .text.__sflush_r
                0x0800d24c      0x108 C:/ST/STM32CubeIDE_1.19.0/STM32CubeIDE/plugins/com.st.stm32cube.ide.mcu.externaltools.gnu-tools-for-stm32.13.3.rel1.win32_1.0.0.202411081344/tools/bin/../lib/gcc/arm-none-eabi/13.3.1/../../../../arm-none-eabi/lib/thumb/v7e-m+fp/hard\libc_nano.a(libc_a-fflush.o)
                0x0800d24c                __sflush_r
 .text._fflush_r
                0x0800d354       0x50 C:/ST/STM32CubeIDE_1.19.0/STM32CubeIDE/plugins/com.st.stm32cube.ide.mcu.externaltools.gnu-tools-for-stm32.13.3.rel1.win32_1.0.0.202411081344/tools/bin/../lib/gcc/arm-none-eabi/13.3.1/../../../../arm-none-eabi/lib/thumb/v7e-m+fp/hard\libc_nano.a(libc_a-fflush.o)
                0x0800d354                _fflush_r
 .text.memmove  0x0800d3a4       0x34 C:/ST/STM32CubeIDE_1.19.0/STM32CubeIDE/plugins/com.st.stm32cube.ide.mcu.externaltools.gnu-tools-for-stm32.13.3.rel1.win32_1.0.0.202411081344/tools/bin/../lib/gcc/arm-none-eabi/13.3.1/../../../../arm-none-eabi/lib/thumb/v7e-m+fp/hard\libc_nano.a(libc_a-memmove.o)
                0x0800d3a4                memmove
 .text.strncmp  0x0800d3d8       0x24 C:/ST/STM32CubeIDE_1.19.0/STM32CubeIDE/plugins/com.st.stm32cube.ide.mcu.externaltools.gnu-tools-for-stm32.13.3.rel1.win32_1.0.0.202411081344/tools/bin/../lib/gcc/arm-none-eabi/13.3.1/../../../../arm-none-eabi/lib/thumb/v7e-m+fp/hard\libc_nano.a(libc_a-strncmp.o)
                0x0800d3d8                strncmp
 .text._sbrk_r  0x0800d3fc       0x20 C:/ST/STM32CubeIDE_1.19.0/STM32CubeIDE/plugins/com.st.stm32cube.ide.mcu.externaltools.gnu-tools-for-stm32.13.3.rel1.win32_1.0.0.202411081344/tools/bin/../lib/gcc/arm-none-eabi/13.3.1/../../../../arm-none-eabi/lib/thumb/v7e-m+fp/hard\libc_nano.a(libc_a-sbrkr.o)
                0x0800d3fc                _sbrk_r
 .text.memcpy   0x0800d41c       0x1c C:/ST/STM32CubeIDE_1.19.0/STM32CubeIDE/plugins/com.st.stm32cube.ide.mcu.externaltools.gnu-tools-for-stm32.13.3.rel1.win32_1.0.0.202411081344/tools/bin/../lib/gcc/arm-none-eabi/13.3.1/../../../../arm-none-eabi/lib/thumb/v7e-m+fp/hard\libc_nano.a(libc_a-memcpy-stub.o)
                0x0800d41c                memcpy
 .text.nan      0x0800d438       0x10 C:/ST/STM32CubeIDE_1.19.0/STM32CubeIDE/plugins/com.st.stm32cube.ide.mcu.externaltools.gnu-tools-for-stm32.13.3.rel1.win32_1.0.0.202411081344/tools/bin/../lib/gcc/arm-none-eabi/13.3.1/../../../../arm-none-eabi/lib/thumb/v7e-m+fp/hard\libc_nano.a(libm_a-s_nan.o)
                0x0800d438                nan
 .text.__assert_func
                0x0800d448       0x3c C:/ST/STM32CubeIDE_1.19.0/STM32CubeIDE/plugins/com.st.stm32cube.ide.mcu.externaltools.gnu-tools-for-stm32.13.3.rel1.win32_1.0.0.202411081344/tools/bin/../lib/gcc/arm-none-eabi/13.3.1/../../../../arm-none-eabi/lib/thumb/v7e-m+fp/hard\libc_nano.a(libc_a-assert.o)
                0x0800d448                __assert_func
 .text._calloc_r
                0x0800d484       0x28 C:/ST/STM32CubeIDE_1.19.0/STM32CubeIDE/plugins/com.st.stm32cube.ide.mcu.externaltools.gnu-tools-for-stm32.13.3.rel1.win32_1.0.0.202411081344/tools/bin/../lib/gcc/arm-none-eabi/13.3.1/../../../../arm-none-eabi/lib/thumb/v7e-m+fp/hard\libc_nano.a(libc_a-callocr.o)
                0x0800d484                _calloc_r
 .text.rshift   0x0800d4ac       0xa4 C:/ST/STM32CubeIDE_1.19.0/STM32CubeIDE/plugins/com.st.stm32cube.ide.mcu.externaltools.gnu-tools-for-stm32.13.3.rel1.win32_1.0.0.202411081344/tools/bin/../lib/gcc/arm-none-eabi/13.3.1/../../../../arm-none-eabi/lib/thumb/v7e-m+fp/hard\libc_nano.a(libc_a-gdtoa-gethex.o)
 .text.__hexdig_fun
                0x0800d550       0x2a C:/ST/STM32CubeIDE_1.19.0/STM32CubeIDE/plugins/com.st.stm32cube.ide.mcu.externaltools.gnu-tools-for-stm32.13.3.rel1.win32_1.0.0.202411081344/tools/bin/../lib/gcc/arm-none-eabi/13.3.1/../../../../arm-none-eabi/lib/thumb/v7e-m+fp/hard\libc_nano.a(libc_a-gdtoa-gethex.o)
                0x0800d550                __hexdig_fun
 *fill*         0x0800d57a        0x2 
 .text.__gethex
                0x0800d57c      0x420 C:/ST/STM32CubeIDE_1.19.0/STM32CubeIDE/plugins/com.st.stm32cube.ide.mcu.externaltools.gnu-tools-for-stm32.13.3.rel1.win32_1.0.0.202411081344/tools/bin/../lib/gcc/arm-none-eabi/13.3.1/../../../../arm-none-eabi/lib/thumb/v7e-m+fp/hard\libc_nano.a(libc_a-gdtoa-gethex.o)
                0x0800d57c                __gethex
 .text.L_shift  0x0800d99c       0x24 C:/ST/STM32CubeIDE_1.19.0/STM32CubeIDE/plugins/com.st.stm32cube.ide.mcu.externaltools.gnu-tools-for-stm32.13.3.rel1.win32_1.0.0.202411081344/tools/bin/../lib/gcc/arm-none-eabi/13.3.1/../../../../arm-none-eabi/lib/thumb/v7e-m+fp/hard\libc_nano.a(libc_a-gdtoa-hexnan.o)
 .text.__match  0x0800d9c0       0x28 C:/ST/STM32CubeIDE_1.19.0/STM32CubeIDE/plugins/com.st.stm32cube.ide.mcu.externaltools.gnu-tools-for-stm32.13.3.rel1.win32_1.0.0.202411081344/tools/bin/../lib/gcc/arm-none-eabi/13.3.1/../../../../arm-none-eabi/lib/thumb/v7e-m+fp/hard\libc_nano.a(libc_a-gdtoa-hexnan.o)
                0x0800d9c0                __match
 .text.__hexnan
                0x0800d9e8      0x136 C:/ST/STM32CubeIDE_1.19.0/STM32CubeIDE/plugins/com.st.stm32cube.ide.mcu.externaltools.gnu-tools-for-stm32.13.3.rel1.win32_1.0.0.202411081344/tools/bin/../lib/gcc/arm-none-eabi/13.3.1/../../../../arm-none-eabi/lib/thumb/v7e-m+fp/hard\libc_nano.a(libc_a-gdtoa-hexnan.o)
                0x0800d9e8                __hexnan
 .text.__ascii_mbtowc
                0x0800db1e       0x24 C:/ST/STM32CubeIDE_1.19.0/STM32CubeIDE/plugins/com.st.stm32cube.ide.mcu.externaltools.gnu-tools-for-stm32.13.3.rel1.win32_1.0.0.202411081344/tools/bin/../lib/gcc/arm-none-eabi/13.3.1/../../../../arm-none-eabi/lib/thumb/v7e-m+fp/hard\libc_nano.a(libc_a-mbtowc_r.o)
                0x0800db1e                __ascii_mbtowc
 .text._realloc_r
                0x0800db42       0x5c C:/ST/STM32CubeIDE_1.19.0/STM32CubeIDE/plugins/com.st.stm32cube.ide.mcu.externaltools.gnu-tools-for-stm32.13.3.rel1.win32_1.0.0.202411081344/tools/bin/../lib/gcc/arm-none-eabi/13.3.1/../../../../arm-none-eabi/lib/thumb/v7e-m+fp/hard\libc_nano.a(libc_a-reallocr.o)
                0x0800db42                _realloc_r
 .text.__ascii_wctomb
                0x0800db9e       0x1a C:/ST/STM32CubeIDE_1.19.0/STM32CubeIDE/plugins/com.st.stm32cube.ide.mcu.externaltools.gnu-tools-for-stm32.13.3.rel1.win32_1.0.0.202411081344/tools/bin/../lib/gcc/arm-none-eabi/13.3.1/../../../../arm-none-eabi/lib/thumb/v7e-m+fp/hard\libc_nano.a(libc_a-wctomb_r.o)
                0x0800db9e                __ascii_wctomb
 .text.fprintf  0x0800dbb8       0x24 C:/ST/STM32CubeIDE_1.19.0/STM32CubeIDE/plugins/com.st.stm32cube.ide.mcu.externaltools.gnu-tools-for-stm32.13.3.rel1.win32_1.0.0.202411081344/tools/bin/../lib/gcc/arm-none-eabi/13.3.1/../../../../arm-none-eabi/lib/thumb/v7e-m+fp/hard\libc_nano.a(libc_a-fprintf.o)
                0x0800dbb8                fiprintf
                0x0800dbb8                fprintf
 .text.abort    0x0800dbdc        0xe C:/ST/STM32CubeIDE_1.19.0/STM32CubeIDE/plugins/com.st.stm32cube.ide.mcu.externaltools.gnu-tools-for-stm32.13.3.rel1.win32_1.0.0.202411081344/tools/bin/../lib/gcc/arm-none-eabi/13.3.1/../../../../arm-none-eabi/lib/thumb/v7e-m+fp/hard\libc_nano.a(libc_a-abort.o)
                0x0800dbdc                abort
 .text._malloc_usable_size_r
                0x0800dbea       0x10 C:/ST/STM32CubeIDE_1.19.0/STM32CubeIDE/plugins/com.st.stm32cube.ide.mcu.externaltools.gnu-tools-for-stm32.13.3.rel1.win32_1.0.0.202411081344/tools/bin/../lib/gcc/arm-none-eabi/13.3.1/../../../../arm-none-eabi/lib/thumb/v7e-m+fp/hard\libc_nano.a(libc_a-msizer.o)
                0x0800dbea                _malloc_usable_size_r
 .text.__sfputc_r
                0x0800dbfa       0x2e C:/ST/STM32CubeIDE_1.19.0/STM32CubeIDE/plugins/com.st.stm32cube.ide.mcu.externaltools.gnu-tools-for-stm32.13.3.rel1.win32_1.0.0.202411081344/tools/bin/../lib/gcc/arm-none-eabi/13.3.1/../../../../arm-none-eabi/lib/thumb/v7e-m+fp/hard\libc_nano.a(libc_a-nano-vfprintf.o)
 .text.__sfputs_r
                0x0800dc28       0x24 C:/ST/STM32CubeIDE_1.19.0/STM32CubeIDE/plugins/com.st.stm32cube.ide.mcu.externaltools.gnu-tools-for-stm32.13.3.rel1.win32_1.0.0.202411081344/tools/bin/../lib/gcc/arm-none-eabi/13.3.1/../../../../arm-none-eabi/lib/thumb/v7e-m+fp/hard\libc_nano.a(libc_a-nano-vfprintf.o)
                0x0800dc28                __sfputs_r
 .text._vfprintf_r
                0x0800dc4c      0x230 C:/ST/STM32CubeIDE_1.19.0/STM32CubeIDE/plugins/com.st.stm32cube.ide.mcu.externaltools.gnu-tools-for-stm32.13.3.rel1.win32_1.0.0.202411081344/tools/bin/../lib/gcc/arm-none-eabi/13.3.1/../../../../arm-none-eabi/lib/thumb/v7e-m+fp/hard\libc_nano.a(libc_a-nano-vfprintf.o)
                0x0800dc4c                _vfprintf_r
                0x0800dc4c                _vfiprintf_r
 .text.__swbuf_r
                0x0800de7c       0x7c C:/ST/STM32CubeIDE_1.19.0/STM32CubeIDE/plugins/com.st.stm32cube.ide.mcu.externaltools.gnu-tools-for-stm32.13.3.rel1.win32_1.0.0.202411081344/tools/bin/../lib/gcc/arm-none-eabi/13.3.1/../../../../arm-none-eabi/lib/thumb/v7e-m+fp/hard\libc_nano.a(libc_a-wbuf.o)
                0x0800de7c                __swbuf_r
 .text.__swsetup_r
                0x0800def8       0xac C:/ST/STM32CubeIDE_1.19.0/STM32CubeIDE/plugins/com.st.stm32cube.ide.mcu.externaltools.gnu-tools-for-stm32.13.3.rel1.win32_1.0.0.202411081344/tools/bin/../lib/gcc/arm-none-eabi/13.3.1/../../../../arm-none-eabi/lib/thumb/v7e-m+fp/hard\libc_nano.a(libc_a-wsetup.o)
                0x0800def8                __swsetup_r
 .text._raise_r
                0x0800dfa4       0x50 C:/ST/STM32CubeIDE_1.19.0/STM32CubeIDE/plugins/com.st.stm32cube.ide.mcu.externaltools.gnu-tools-for-stm32.13.3.rel1.win32_1.0.0.202411081344/tools/bin/../lib/gcc/arm-none-eabi/13.3.1/../../../../arm-none-eabi/lib/thumb/v7e-m+fp/hard\libc_nano.a(libc_a-signal.o)
                0x0800dfa4                _raise_r
 .text.raise    0x0800dff4       0x10 C:/ST/STM32CubeIDE_1.19.0/STM32CubeIDE/plugins/com.st.stm32cube.ide.mcu.externaltools.gnu-tools-for-stm32.13.3.rel1.win32_1.0.0.202411081344/tools/bin/../lib/gcc/arm-none-eabi/13.3.1/../../../../arm-none-eabi/lib/thumb/v7e-m+fp/hard\libc_nano.a(libc_a-signal.o)
                0x0800dff4                raise
 .text._kill_r  0x0800e004       0x24 C:/ST/STM32CubeIDE_1.19.0/STM32CubeIDE/plugins/com.st.stm32cube.ide.mcu.externaltools.gnu-tools-for-stm32.13.3.rel1.win32_1.0.0.202411081344/tools/bin/../lib/gcc/arm-none-eabi/13.3.1/../../../../arm-none-eabi/lib/thumb/v7e-m+fp/hard\libc_nano.a(libc_a-signalr.o)
                0x0800e004                _kill_r
 .text._getpid_r
                0x0800e028        0x4 C:/ST/STM32CubeIDE_1.19.0/STM32CubeIDE/plugins/com.st.stm32cube.ide.mcu.externaltools.gnu-tools-for-stm32.13.3.rel1.win32_1.0.0.202411081344/tools/bin/../lib/gcc/arm-none-eabi/13.3.1/../../../../arm-none-eabi/lib/thumb/v7e-m+fp/hard\libc_nano.a(libc_a-signalr.o)
                0x0800e028                _getpid_r
 .text.__swhatbuf_r
                0x0800e02c       0x4c C:/ST/STM32CubeIDE_1.19.0/STM32CubeIDE/plugins/com.st.stm32cube.ide.mcu.externaltools.gnu-tools-for-stm32.13.3.rel1.win32_1.0.0.202411081344/tools/bin/../lib/gcc/arm-none-eabi/13.3.1/../../../../arm-none-eabi/lib/thumb/v7e-m+fp/hard\libc_nano.a(libc_a-makebuf.o)
                0x0800e02c                __swhatbuf_r
 .text.__smakebuf_r
                0x0800e078       0x78 C:/ST/STM32CubeIDE_1.19.0/STM32CubeIDE/plugins/com.st.stm32cube.ide.mcu.externaltools.gnu-tools-for-stm32.13.3.rel1.win32_1.0.0.202411081344/tools/bin/../lib/gcc/arm-none-eabi/13.3.1/../../../../arm-none-eabi/lib/thumb/v7e-m+fp/hard\libc_nano.a(libc_a-makebuf.o)
                0x0800e078                __smakebuf_r
 .text._fstat_r
                0x0800e0f0       0x24 C:/ST/STM32CubeIDE_1.19.0/STM32CubeIDE/plugins/com.st.stm32cube.ide.mcu.externaltools.gnu-tools-for-stm32.13.3.rel1.win32_1.0.0.202411081344/tools/bin/../lib/gcc/arm-none-eabi/13.3.1/../../../../arm-none-eabi/lib/thumb/v7e-m+fp/hard\libc_nano.a(libc_a-fstatr.o)
                0x0800e0f0                _fstat_r
 .text._isatty_r
                0x0800e114       0x20 C:/ST/STM32CubeIDE_1.19.0/STM32CubeIDE/plugins/com.st.stm32cube.ide.mcu.externaltools.gnu-tools-for-stm32.13.3.rel1.win32_1.0.0.202411081344/tools/bin/../lib/gcc/arm-none-eabi/13.3.1/../../../../arm-none-eabi/lib/thumb/v7e-m+fp/hard\libc_nano.a(libc_a-isattyr.o)
                0x0800e114                _isatty_r
 .text.atan2f   0x0800e134        0x4 C:/ST/STM32CubeIDE_1.19.0/STM32CubeIDE/plugins/com.st.stm32cube.ide.mcu.externaltools.gnu-tools-for-stm32.13.3.rel1.win32_1.0.0.202411081344/tools/bin/../lib/gcc/arm-none-eabi/13.3.1/../../../../arm-none-eabi/lib/thumb/v7e-m+fp/hard\libm.a(libm_a-wf_atan2.o)
                0x0800e134                atan2f
 .text.sqrtf    0x0800e138       0x3c C:/ST/STM32CubeIDE_1.19.0/STM32CubeIDE/plugins/com.st.stm32cube.ide.mcu.externaltools.gnu-tools-for-stm32.13.3.rel1.win32_1.0.0.202411081344/tools/bin/../lib/gcc/arm-none-eabi/13.3.1/../../../../arm-none-eabi/lib/thumb/v7e-m+fp/hard\libm.a(libm_a-wf_sqrt.o)
                0x0800e138                sqrtf
 .text.__ieee754_sqrtf
                0x0800e174        0x6 C:/ST/STM32CubeIDE_1.19.0/STM32CubeIDE/plugins/com.st.stm32cube.ide.mcu.externaltools.gnu-tools-for-stm32.13.3.rel1.win32_1.0.0.202411081344/tools/bin/../lib/gcc/arm-none-eabi/13.3.1/../../../../arm-none-eabi/lib/thumb/v7e-m+fp/hard\libm.a(libm_a-ef_sqrt.o)
                0x0800e174                __ieee754_sqrtf
 *fill*         0x0800e17a        0x2 
 .text.__ieee754_atan2f
                0x0800e17c      0x140 C:/ST/STM32CubeIDE_1.19.0/STM32CubeIDE/plugins/com.st.stm32cube.ide.mcu.externaltools.gnu-tools-for-stm32.13.3.rel1.win32_1.0.0.202411081344/tools/bin/../lib/gcc/arm-none-eabi/13.3.1/../../../../arm-none-eabi/lib/thumb/v7e-m+fp/hard\libm.a(libm_a-ef_atan2.o)
                0x0800e17c                __ieee754_atan2f
 .text.atanf    0x0800e2bc      0x1a8 C:/ST/STM32CubeIDE_1.19.0/STM32CubeIDE/plugins/com.st.stm32cube.ide.mcu.externaltools.gnu-tools-for-stm32.13.3.rel1.win32_1.0.0.202411081344/tools/bin/../lib/gcc/arm-none-eabi/13.3.1/../../../../arm-none-eabi/lib/thumb/v7e-m+fp/hard\libm.a(libm_a-sf_atan.o)
                0x0800e2bc                atanf
 .text.fabsf    0x0800e464        0xe C:/ST/STM32CubeIDE_1.19.0/STM32CubeIDE/plugins/com.st.stm32cube.ide.mcu.externaltools.gnu-tools-for-stm32.13.3.rel1.win32_1.0.0.202411081344/tools/bin/../lib/gcc/arm-none-eabi/13.3.1/../../../../arm-none-eabi/lib/thumb/v7e-m+fp/hard\libm.a(libm_a-sf_fabs.o)
                0x0800e464                fabsf
 *(.glue_7)
 .glue_7        0x0800e472        0x0 linker stubs
 *(.glue_7t)
 .glue_7t       0x0800e472        0x0 linker stubs
 *(.eh_frame)
 *fill*         0x0800e472        0x2 
 .eh_frame      0x0800e474        0x0 C:/ST/STM32CubeIDE_1.19.0/STM32CubeIDE/plugins/com.st.stm32cube.ide.mcu.externaltools.gnu-tools-for-stm32.13.3.rel1.win32_1.0.0.202411081344/tools/bin/../lib/gcc/arm-none-eabi/13.3.1/thumb/v7e-m+fp/hard/crtbegin.o
 *(.init)
 .init          0x0800e474        0x4 C:/ST/STM32CubeIDE_1.19.0/STM32CubeIDE/plugins/com.st.stm32cube.ide.mcu.externaltools.gnu-tools-for-stm32.13.3.rel1.win32_1.0.0.202411081344/tools/bin/../lib/gcc/arm-none-eabi/13.3.1/thumb/v7e-m+fp/hard/crti.o
                0x0800e474                _init
 .init          0x0800e478        0x8 C:/ST/STM32CubeIDE_1.19.0/STM32CubeIDE/plugins/com.st.stm32cube.ide.mcu.externaltools.gnu-tools-for-stm32.13.3.rel1.win32_1.0.0.202411081344/tools/bin/../lib/gcc/arm-none-eabi/13.3.1/thumb/v7e-m+fp/hard/crtn.o
 *(.fini)
 .fini          0x0800e480        0x4 C:/ST/STM32CubeIDE_1.19.0/STM32CubeIDE/plugins/com.st.stm32cube.ide.mcu.externaltools.gnu-tools-for-stm32.13.3.rel1.win32_1.0.0.202411081344/tools/bin/../lib/gcc/arm-none-eabi/13.3.1/thumb/v7e-m+fp/hard/crti.o
                0x0800e480                _fini
 .fini          0x0800e484        0x8 C:/ST/STM32CubeIDE_1.19.0/STM32CubeIDE/plugins/com.st.stm32cube.ide.mcu.externaltools.gnu-tools-for-stm32.13.3.rel1.win32_1.0.0.202411081344/tools/bin/../lib/gcc/arm-none-eabi/13.3.1/thumb/v7e-m+fp/hard/crtn.o
                0x0800e48c                        . = ALIGN (0x4)
                0x0800e48c                        _etext = .

.vfp11_veneer   0x0800e48c        0x0
 .vfp11_veneer  0x0800e48c        0x0 linker stubs

.v4_bx          0x0800e48c        0x0
 .v4_bx         0x0800e48c        0x0 linker stubs

.iplt           0x0800e48c        0x0
 .iplt          0x0800e48c        0x0 C:/ST/STM32CubeIDE_1.19.0/STM32CubeIDE/plugins/com.st.stm32cube.ide.mcu.externaltools.gnu-tools-for-stm32.13.3.rel1.win32_1.0.0.202411081344/tools/bin/../lib/gcc/arm-none-eabi/13.3.1/thumb/v7e-m+fp/hard/crtbegin.o
