../Core/Src/main.c:194:5:main	112	static
../Core/Src/main.c:373:6:SystemClock_Config	88	static
../Core/Src/main.c:421:13:MX_TIM2_Init	56	static
../Core/Src/main.c:470:13:MX_TIM3_Init	64	static
../Core/Src/main.c:533:13:MX_TIM4_Init	56	static
../Core/Src/main.c:582:13:MX_TIM5_Init	64	static
../Core/Src/main.c:645:13:MX_TIM14_Init	8	static
../Core/Src/main.c:676:13:MX_USART2_UART_Init	8	static
../Core/Src/main.c:709:13:MX_USART3_UART_Init	8	static
../Core/Src/main.c:742:13:MX_GPIO_Init	48	static
../Core/Src/main.c:788:6:HAL_TIM_PeriodElapsedCallback	16	static
../Core/Src/main.c:818:6:HAL_UART_TxCpltCallback	16	static
../Core/Src/main.c:840:6:HAL_TIM_IC_CaptureCallback	24	static
../Core/Src/main.c:865:13:control	16	static
../Core/Src/main.c:893:13:Forward	16	static
../Core/Src/main.c:907:13:Backward	16	static
../Core/Src/main.c:928:6:Error_Handler	4	static,ignoring_inline_asm
